[INFO] ================ Starting Automation Pipeline Execution Lifecycle RCA_19_3 ================
[INFO] ================ PHASE 0: JIRA INTEGRATION ================
[INFO] Fetching issue HAP-1499 from https://aavaqe.atlassian.net...
[INFO] Successfully fetched combined summary+description for HAP-1499 (318 chars).
[INFO] Dynamically populated QUERY from Jira HAP-1499 : Authors want to save their articles as drafts before publishing them publicly

Implement a Draft feature for articles. Users should be able to save articles as drafts without publishing them.

The API needs a new database field to support this state, and the frontend needs a 'Save as Draft' button on the editor page.
[INFO] ================ PHASE 1: GLOBAL TOPOLOGY GENERATION ================
[INFO] --- [PHASE 1] Processing Repository: react-redux-realworld-example-app (Branch: master) ---
[INFO] Phase 1 - Step 1 [react-redux-realworld-example-app]: Fetching supported languages for repository SCpradhan/react-redux-realworld-example-app...
[INFO] [react-redux-realworld-example-app] Detected languages from GitHub: ['JavaScript', 'HTML']
[INFO] Phase 1 - Step 2 [react-redux-realworld-example-app]: Mapping language signatures to standard target extensions...
[INFO] [react-redux-realworld-example-app] Matched language [JavaScript] -> Registered extensions: ['.js', '.jsx', '.mjs', '.cjs']
[WARNING] [react-redux-realworld-example-app] Language [HTML] not present in standard target table. Discarding.
[INFO] [react-redux-realworld-example-app] Final targeting extension whitelist: ['.cjs', '.yaml', '.less', '.json', '.js', '.vue', '.sass', '.graphql', '.astro', '.xml', '.svelte', '.prisma', '.htm', '.tsx', '.gql', '.sql', '.scss', '.html', '.mjs', '.css', '.jsx', '.yml']
[INFO] [react-redux-realworld-example-app] Optimizing context pull: Downloading full repository zip archive...
[INFO] --- Phase 1 - Step 3 [react-redux-realworld-example-app]: Generating Language-Aware Intra-Repo Dependency Tree (Whitelisted Extensions Only) ---
[INFO]   [Whitelisted File Context] package.json ──► Links: ['src/agent.js']
[INFO]   [Whitelisted File Context] src/agent.js ──► Links: ['src/reducers/profile.js', 'src/reducers/article.js', 'src/components/Article/Comment.js', 'src/components/Profile.js', 'src/components/Login.js', 'src/components/Register.js']
[INFO]   [Whitelisted File Context] src/components/App.js ──► Links: ['src/store.js', '../constants/actionTypes', '../components/Profile', 'src/reducers/common.js', 'src/agent.js', '../components/Login', '../components/Article', 'src/components/Register.js', 'src/reducers/profile.js', '../components/Settings', '../agent', '../components/Home', 'src/components/Header.js', 'src/components/Login.js', '../components/Editor', '../components/ProfileFavorites', '../store', 'src/components/Editor.js', 'src/reducers/editor.js', 'src/components/Settings.js', 'src/reducers/article.js', 'src/reducers/settings.js', './Header', 'src/components/Profile.js', '../components/Register', 'src/constants/actionTypes.js', 'src/components/ProfileFavorites.js']
[INFO]   [Whitelisted File Context] src/components/Article/ArticleActions.js ──► Links: ['../../agent', '../../constants/actionTypes', 'src/reducers/article.js', 'src/components/Editor.js', 'src/reducers/editor.js', 'src/agent.js', 'src/constants/actionTypes.js']
[INFO]   [Whitelisted File Context] src/components/Article/ArticleMeta.js ──► Links: ['./ArticleActions', 'src/reducers/article.js', 'src/components/Article/ArticleActions.js']
[INFO]   [Whitelisted File Context] src/components/Article/Comment.js ──► Links: ['src/components/Article/DeleteButton.js', './DeleteButton']
[INFO]   [Whitelisted File Context] src/components/Article/CommentContainer.js ──► Links: ['./CommentList', 'src/components/Article/CommentList.js', 'src/reducers/article.js', 'src/components/Article/CommentInput.js', 'src/components/Article/Comment.js', './CommentInput', 'src/components/Login.js', 'src/components/Register.js']
[INFO]   [Whitelisted File Context] src/components/Article/CommentInput.js ──► Links: ['../../agent', '../../constants/actionTypes', 'src/components/Article/Comment.js', 'src/agent.js', 'src/constants/actionTypes.js']
[INFO]   [Whitelisted File Context] src/components/Article/CommentList.js ──► Links: ['src/components/Article/Comment.js', './Comment']
[INFO]   [Whitelisted File Context] src/components/Article/DeleteButton.js ──► Links: ['../../agent', '../../constants/actionTypes', 'src/components/Article/Comment.js', 'src/agent.js', 'src/constants/actionTypes.js']
[INFO]   [Whitelisted File Context] src/components/Article/index.js ──► Links: ['../../agent', './CommentContainer', 'src/components/Article/ArticleMeta.js', '../../constants/actionTypes', 'src/components/Article/CommentContainer.js', 'src/reducers/article.js', './ArticleMeta', 'src/components/Article/Comment.js', 'src/reducers/common.js', 'src/agent.js', 'src/constants/actionTypes.js', 'src/components/Home/Banner.js']
[INFO]   [Whitelisted File Context] src/components/ArticleList.js ──► Links: ['./ArticlePreview', 'src/components/ListPagination.js', 'src/reducers/article.js', 'src/reducers/articleList.js', 'src/components/ArticlePreview.js', './ListPagination']
[INFO]   [Whitelisted File Context] src/components/ArticlePreview.js ──► Links: ['src/reducers/article.js', '../constants/actionTypes', 'src/agent.js', '../agent', 'src/constants/actionTypes.js']
[INFO]   [Whitelisted File Context] src/components/Editor.js ──► Links: ['src/components/ListErrors.js', 'src/reducers/article.js', './ListErrors', '../constants/actionTypes', 'src/reducers/editor.js', 'src/agent.js', '../agent', 'src/constants/actionTypes.js']
[INFO]   [Whitelisted File Context] src/components/Header.js ──► Links: ['src/components/Settings.js', 'src/reducers/settings.js', 'src/components/Editor.js', 'src/reducers/editor.js', 'src/components/Login.js', 'src/components/Register.js']
[INFO]   [Whitelisted File Context] src/components/Home/MainView.js ──► Links: ['../../agent', '../../constants/actionTypes', 'src/reducers/article.js', 'src/reducers/articleList.js', 'src/reducers/common.js', 'src/agent.js', 'src/components/ArticleList.js', 'src/constants/actionTypes.js', '../ArticleList']
[INFO]   [Whitelisted File Context] src/components/Home/Tags.js ──► Links: ['../../agent', 'src/agent.js', 'src/reducers/article.js']
[INFO]   [Whitelisted File Context] src/components/Home/index.js ──► Links: ['./Tags', '../../agent', '../../constants/actionTypes', './Banner', 'src/reducers/article.js', 'src/components/Home/MainView.js', 'src/reducers/common.js', 'src/agent.js', 'src/constants/actionTypes.js', './MainView', 'src/components/Home/Banner.js']
[INFO]   [Whitelisted File Context] src/components/ListPagination.js ──► Links: ['src/reducers/article.js', '../constants/actionTypes', 'src/agent.js', '../agent', 'src/constants/actionTypes.js']
[INFO]   [Whitelisted File Context] src/components/Login.js ──► Links: ['src/components/ListErrors.js', './ListErrors', '../constants/actionTypes', 'src/agent.js', '../agent', 'src/constants/actionTypes.js', 'src/components/Register.js']
[INFO]   [Whitelisted File Context] src/components/Profile.js ──► Links: ['src/reducers/profile.js', 'src/components/Settings.js', 'src/reducers/article.js', 'src/reducers/settings.js', '../constants/actionTypes', 'src/reducers/articleList.js', 'src/reducers/common.js', 'src/agent.js', 'src/components/ArticleList.js', '../agent', 'src/constants/actionTypes.js', './ArticleList']
[INFO]   [Whitelisted File Context] src/components/ProfileFavorites.js ──► Links: ['src/reducers/profile.js', 'src/reducers/article.js', './Profile', '../constants/actionTypes', 'src/components/Profile.js', 'src/agent.js', '../agent', 'src/constants/actionTypes.js']
[INFO]   [Whitelisted File Context] src/components/Register.js ──► Links: ['src/components/ListErrors.js', './ListErrors', '../constants/actionTypes', 'src/agent.js', 'src/components/Login.js', '../agent', 'src/constants/actionTypes.js']
[INFO]   [Whitelisted File Context] src/components/Settings.js ──► Links: ['src/reducers/profile.js', 'src/components/ListErrors.js', 'src/reducers/settings.js', './ListErrors', '../constants/actionTypes', 'src/reducers/common.js', 'src/components/Profile.js', 'src/agent.js', '../agent', 'src/constants/actionTypes.js']
[INFO]   [Whitelisted File Context] src/constants/actionTypes.js ──► Links: ['src/reducers/profile.js', 'src/reducers/article.js', 'src/reducers/settings.js', 'src/components/Article/Comment.js', 'src/components/Editor.js', 'src/components/Profile.js', 'src/reducers/editor.js', 'src/components/Login.js', 'src/components/Register.js', 'src/components/Settings.js']
[INFO]   [Whitelisted File Context] src/index.js ──► Links: ['src/store.js', './components/App', './store']
[INFO]   [Whitelisted File Context] src/middleware.js ──► Links: ['src/store.js', 'src/agent.js', 'src/components/Login.js', './constants/actionTypes', './agent', 'src/constants/actionTypes.js', 'src/components/Register.js']
[INFO]   [Whitelisted File Context] src/reducer.js ──► Links: ['src/reducers/common.js', './reducers/common', 'src/reducers/profile.js', './reducers/settings', './reducers/auth', 'src/reducers/articleList.js', 'src/components/Editor.js', 'src/reducers/editor.js', 'src/components/Settings.js', './reducers/editor', './reducers/profile', 'src/reducers/article.js', './reducers/articleList', 'src/reducers/settings.js', './reducers/article', 'src/components/Profile.js', 'src/components/ArticleList.js', './reducers/home']
[INFO]   [Whitelisted File Context] src/reducers/article.js ──► Links: ['src/components/Article/Comment.js', '../constants/actionTypes', 'src/constants/actionTypes.js']
[INFO]   [Whitelisted File Context] src/reducers/articleList.js ──► Links: ['src/reducers/profile.js', 'src/reducers/article.js', '../constants/actionTypes', 'src/components/Profile.js', 'src/constants/actionTypes.js']
[INFO]   [Whitelisted File Context] src/reducers/auth.js ──► Links: ['../constants/actionTypes', 'src/components/Register.js', 'src/components/Login.js', 'src/constants/actionTypes.js']
[INFO]   [Whitelisted File Context] src/reducers/common.js ──► Links: ['src/reducers/profile.js', 'src/reducers/article.js', 'src/reducers/settings.js', '../constants/actionTypes', 'src/components/Editor.js', 'src/reducers/editor.js', 'src/components/Profile.js', 'src/components/Login.js', 'src/constants/actionTypes.js', 'src/components/Register.js', 'src/components/Settings.js']
[INFO]   [Whitelisted File Context] src/reducers/editor.js ──► Links: ['src/components/Editor.js', '../constants/actionTypes', 'src/reducers/article.js', 'src/constants/actionTypes.js']
[INFO]   [Whitelisted File Context] src/reducers/home.js ──► Links: ['../constants/actionTypes', 'src/constants/actionTypes.js']
[INFO]   [Whitelisted File Context] src/reducers/profile.js ──► Links: ['../constants/actionTypes', 'src/components/Profile.js', 'src/constants/actionTypes.js']
[INFO]   [Whitelisted File Context] src/reducers/settings.js ──► Links: ['../constants/actionTypes', 'src/constants/actionTypes.js', 'src/components/Settings.js']
[INFO]   [Whitelisted File Context] src/store.js ──► Links: ['src/middleware.js', 'src/reducer.js', 'history/createBrowserHistory', 'redux-devtools-extension/developmentOnly', './reducer', './middleware']
[INFO] SUCCESS: Exported Whitelisted Intra-Repo dependency map to: C:\Users\komal.jayadeva\Downloads\code gen\rca\v21\intra_repo_dep_tree_react-redux-realworld-example-app.json
[INFO] --- [PHASE 1] Processing Repository: node-express-realworld-example-app (Branch: master) ---
[INFO] Phase 1 - Step 1 [node-express-realworld-example-app]: Fetching supported languages for repository SCpradhan/node-express-realworld-example-app...
[INFO] [node-express-realworld-example-app] Detected languages from GitHub: ['TypeScript', 'Dockerfile', 'JavaScript']
[INFO] Phase 1 - Step 2 [node-express-realworld-example-app]: Mapping language signatures to standard target extensions...
[INFO] [node-express-realworld-example-app] Matched language [TypeScript] -> Registered extensions: ['.ts', '.tsx']
[WARNING] [node-express-realworld-example-app] Language [Dockerfile] not present in standard target table. Discarding.
[INFO] [node-express-realworld-example-app] Matched language [JavaScript] -> Registered extensions: ['.js', '.jsx', '.mjs', '.cjs']
[INFO] [node-express-realworld-example-app] Final targeting extension whitelist: ['.cjs', '.yaml', '.less', '.json', '.js', '.vue', '.sass', '.graphql', '.astro', '.xml', '.svelte', '.prisma', '.ts', '.htm', '.tsx', '.gql', '.sql', '.scss', '.html', '.mjs', '.css', '.jsx', '.yml']
[INFO] [node-express-realworld-example-app] Optimizing context pull: Downloading full repository zip archive...
[INFO] --- Phase 1 - Step 3 [node-express-realworld-example-app]: Generating Language-Aware Intra-Repo Dependency Tree (Whitelisted Extensions Only) ---
[INFO]   [Whitelisted File Context] e2e/jest.config.ts ──► Links: ['e2e/src/support/test-setup.ts', 'e2e/src/support/global-setup.ts', '.vscode/extensions.json', 'e2e/tsconfig.json', 'e2e/tsconfig.spec.json', 'e2e/src/support/global-teardown.ts']
[INFO]   [Whitelisted File Context] e2e/project.json ──► Links: ['src/prisma/schema.prisma']
[INFO]   [Whitelisted File Context] e2e/tsconfig.json ──► Links: ['e2e/tsconfig.spec.json']
[INFO]   [Whitelisted File Context] e2e/tsconfig.spec.json ──► Links: ['e2e/tsconfig.json']
[INFO]   [Whitelisted File Context] jest.config.ts ──► Links: ['.vscode/extensions.json', 'e2e/tsconfig.json', 'e2e/tsconfig.spec.json']
[INFO]   [Whitelisted File Context] nx.json ──► Links: ['src/prisma/schema.prisma', 'e2e/src/support/test-setup.ts', 'e2e/tsconfig.spec.json', 'e2e/tsconfig.json', 'e2e/project.json']
[INFO]   [Whitelisted File Context] package-lock.json ──► Links: ['src/prisma/schema.prisma', 'src/app/routes/auth/token.utils.ts', 'e2e/tsconfig.spec.json', 'e2e/src/server/server.spec.ts', 'e2e/tsconfig.json', 'src/app/routes/article/comment.model.ts', 'e2e/project.json']
[INFO]   [Whitelisted File Context] package.json ──► Links: ['src/prisma/schema.prisma', 'src/app/routes/auth/token.utils.ts']
[INFO]   [Whitelisted File Context] project.json ──► Links: ['src/prisma/schema.prisma', 'e2e/tsconfig.spec.json', 'e2e/tsconfig.json', 'e2e/project.json']
[INFO]   [Whitelisted File Context] src/app/routes/article/article.controller.ts ──► Links: ['./article.service', '../auth/auth', 'src/app/routes/article/article.service.ts', 'src/app/routes/article/author.mapper.ts', 'src/app/routes/article/article.model.ts', 'src/tests/services/article.service.test.ts', 'src/app/routes/article/comment.model.ts', 'src/app/routes/article/article.mapper.ts']
[INFO]   [Whitelisted File Context] src/app/routes/article/article.mapper.ts ──► Links: ['src/app/routes/article/article.service.ts', 'src/app/routes/article/author.mapper.ts', './author.mapper', 'src/app/routes/article/article.model.ts', 'src/app/routes/article/article.controller.ts', 'src/tests/services/article.service.test.ts']
[INFO]   [Whitelisted File Context] src/app/routes/article/article.model.ts ──► Links: ['./comment.model', 'src/app/routes/article/article.service.ts', 'src/app/routes/article/article.controller.ts', 'src/tests/services/article.service.test.ts', 'src/app/routes/article/comment.model.ts', 'src/app/routes/article/article.mapper.ts']
[INFO]   [Whitelisted File Context] src/app/routes/article/article.service.ts ──► Links: ['src/app/models/http-exception.model.ts', 'src/app/routes/profile/profile.utils.ts', 'src/app/routes/article/author.mapper.ts', '../profile/profile.utils', 'src/tests/services/article.service.test.ts', '../tag/tag.model', 'src/app/routes/profile/profile.model.ts', '../../models/http-exception.model', 'src/tests/services/profile.service.test.ts', 'src/tests/utils/profile.utils.test.ts', 'src/app/routes/article/article.controller.ts', 'src/app/routes/article/comment.model.ts', 'src/app/routes/profile/profile.service.ts', 'src/prisma/prisma-client.ts', 'src/app/routes/article/article.mapper.ts', './article.mapper', 'src/app/routes/article/article.model.ts', '../../../prisma/prisma-client', 'src/app/routes/profile/profile.controller.ts']
[INFO]   [Whitelisted File Context] src/app/routes/article/author.mapper.ts ──► Links: ['../auth/user.model']
[INFO]   [Whitelisted File Context] src/app/routes/article/comment.model.ts ──► Links: ['src/app/routes/article/article.service.ts', 'src/app/routes/article/article.model.ts', 'src/app/routes/article/article.controller.ts', './article.model', 'src/tests/services/article.service.test.ts', 'src/app/routes/article/article.mapper.ts']
[INFO]   [Whitelisted File Context] src/app/routes/auth/auth.controller.ts ──► Links: ['./auth', './auth.service']
[INFO]   [Whitelisted File Context] src/app/routes/auth/auth.service.ts ──► Links: ['./register-input.model', './token.utils', 'src/app/models/http-exception.model.ts', '../../models/http-exception.model', './user.model', './registered-user.model', 'src/app/routes/auth/registered-user.model.ts', '../../../prisma/prisma-client', 'src/prisma/prisma-client.ts', 'src/app/routes/auth/token.utils.ts', 'src/app/routes/auth/register-input.model.ts']
[INFO]   [Whitelisted File Context] src/app/routes/auth/auth.ts ──► Links: ['src/app/routes/auth/token.utils.ts', 'src/app/routes/article/author.mapper.ts']
[INFO]   [Whitelisted File Context] src/app/routes/auth/registered-user.model.ts ──► Links: ['src/app/routes/auth/token.utils.ts']
[INFO]   [Whitelisted File Context] src/app/routes/auth/user.model.ts ──► Links: ['../article/article.model', 'src/app/routes/article/article.service.ts', '../article/comment.model', 'src/app/routes/article/article.model.ts', 'src/app/routes/article/article.controller.ts', 'src/tests/services/article.service.test.ts', 'src/app/routes/article/comment.model.ts', 'src/app/routes/article/article.mapper.ts']
[INFO]   [Whitelisted File Context] src/app/routes/profile/profile.controller.ts ──► Links: ['../auth/auth', 'src/app/routes/profile/profile.model.ts', 'src/app/routes/profile/profile.utils.ts', 'src/tests/utils/profile.utils.test.ts', './profile.service', 'src/app/routes/profile/profile.service.ts', 'src/tests/services/profile.service.test.ts']
[INFO]   [Whitelisted File Context] src/app/routes/profile/profile.model.ts ──► Links: ['src/app/routes/profile/profile.utils.ts', 'src/tests/utils/profile.utils.test.ts', 'src/app/routes/profile/profile.service.ts', 'src/app/routes/profile/profile.controller.ts', 'src/tests/services/profile.service.test.ts']
[INFO]   [Whitelisted File Context] src/app/routes/profile/profile.service.ts ──► Links: ['src/app/models/http-exception.model.ts', 'src/app/routes/profile/profile.model.ts', '../../models/http-exception.model', 'src/app/routes/profile/profile.utils.ts', 'src/tests/utils/profile.utils.test.ts', '../../../prisma/prisma-client', 'src/prisma/prisma-client.ts', 'src/app/routes/profile/profile.controller.ts', './profile.utils', 'src/tests/services/profile.service.test.ts']
[INFO]   [Whitelisted File Context] src/app/routes/profile/profile.utils.ts ──► Links: ['../auth/user.model', './profile.model', 'src/app/routes/profile/profile.model.ts', 'src/tests/utils/profile.utils.test.ts', 'src/app/routes/profile/profile.service.ts', 'src/app/routes/profile/profile.controller.ts', 'src/tests/services/profile.service.test.ts']
[INFO]   [Whitelisted File Context] src/app/routes/routes.ts ──► Links: ['src/app/routes/profile/profile.model.ts', 'src/app/routes/profile/profile.utils.ts', 'src/app/routes/article/article.service.ts', './tag/tag.controller', 'src/tests/utils/profile.utils.test.ts', './article/article.controller', './profile/profile.controller', 'src/app/routes/article/article.controller.ts', 'src/app/routes/article/article.model.ts', 'src/tests/services/article.service.test.ts', 'src/app/routes/profile/profile.service.ts', 'src/app/routes/article/article.mapper.ts', './auth/auth.controller', 'src/app/routes/profile/profile.controller.ts', 'src/tests/services/profile.service.test.ts']
[INFO]   [Whitelisted File Context] src/app/routes/tag/tag.controller.ts ──► Links: ['../auth/auth', './tag.service']
[INFO]   [Whitelisted File Context] src/app/routes/tag/tag.service.ts ──► Links: ['./tag.model', 'src/app/routes/article/article.service.ts', 'src/app/routes/article/author.mapper.ts', 'src/app/routes/article/article.model.ts', 'src/app/routes/article/article.controller.ts', '../../../prisma/prisma-client', 'src/tests/services/article.service.test.ts', 'src/prisma/prisma-client.ts', 'src/app/routes/article/article.mapper.ts']
[INFO]   [Whitelisted File Context] src/main.ts ──► Links: ['src/app/routes/routes.ts', './app/models/http-exception.model', 'src/app/models/http-exception.model.ts', 'src/app/routes/article/author.mapper.ts', './app/routes/routes', 'e2e/src/server/server.spec.ts']
[INFO]   [Whitelisted File Context] src/prisma/migrations/20210924225358_initial/migration.sql ──► Links: ['src/app/routes/article/article.service.ts', 'src/app/routes/article/author.mapper.ts', 'src/app/routes/article/article.model.ts', 'src/app/routes/article/article.controller.ts', 'src/tests/services/article.service.test.ts', 'src/app/routes/article/comment.model.ts', 'src/app/routes/article/article.mapper.ts']
[INFO]   [Whitelisted File Context] src/prisma/migrations/20211001143221_implicit_tags/migration.sql ──► Links: ['src/app/routes/article/article.service.ts', 'src/app/routes/article/article.model.ts', 'src/app/routes/article/article.controller.ts', 'src/tests/services/article.service.test.ts', 'src/app/routes/article/article.mapper.ts']
[INFO]   [Whitelisted File Context] src/prisma/migrations/20211221184529_deprecated_preview/migration.sql ──► Links: ['src/app/routes/article/article.service.ts', 'src/app/routes/article/article.model.ts', 'src/app/routes/article/article.controller.ts', 'src/tests/services/article.service.test.ts', 'src/app/routes/article/article.mapper.ts']
[INFO]   [Whitelisted File Context] src/prisma/prisma-client.ts ──► Links: ['@prisma/client']
[INFO]   [Whitelisted File Context] src/prisma/schema.prisma ──► Links: ['src/app/routes/article/article.service.ts', 'src/app/routes/article/author.mapper.ts', 'src/app/routes/article/article.model.ts', 'src/app/routes/article/article.controller.ts', 'src/tests/services/article.service.test.ts', 'src/app/routes/article/comment.model.ts', 'src/prisma/prisma-client.ts', 'src/app/routes/article/article.mapper.ts']
[INFO]   [Whitelisted File Context] src/prisma/seed.ts ──► Links: ['src/app/routes/routes.ts', '@prisma/client', '../app/routes/auth/registered-user.model', '../app/routes/article/article.service', 'src/app/routes/article/article.service.ts', 'src/app/routes/article/article.model.ts', 'src/app/routes/article/article.controller.ts', 'src/app/routes/auth/registered-user.model.ts', '../app/routes/auth/auth.service', 'src/app/routes/article/comment.model.ts', '@ngneat/falso', 'src/tests/services/article.service.test.ts', 'src/app/routes/article/article.mapper.ts']
[INFO]   [Whitelisted File Context] src/tests/prisma-mock.ts ──► Links: ['src/prisma/prisma-client.ts', '@prisma/client', '../prisma/prisma-client']
[INFO]   [Whitelisted File Context] src/tests/services/article.service.test.ts ──► Links: ['src/app/routes/routes.ts', '../../app/routes/article/article.service', 'src/app/routes/article/article.service.ts', 'src/tests/prisma-mock.ts', 'src/app/routes/article/author.mapper.ts', 'src/app/routes/article/article.model.ts', '../prisma-mock', 'src/app/routes/article/article.controller.ts', 'src/app/routes/article/comment.model.ts', 'src/app/routes/article/article.mapper.ts', 'src/app/routes/auth/token.utils.ts']
[INFO]   [Whitelisted File Context] src/tests/services/auth.service.test.ts ──► Links: ['src/app/routes/routes.ts', '../../app/routes/auth/auth.service', 'src/tests/prisma-mock.ts', '../prisma-mock', 'src/app/routes/auth/token.utils.ts']
[INFO]   [Whitelisted File Context] src/tests/services/profile.service.test.ts ──► Links: ['src/app/routes/routes.ts', 'src/app/routes/profile/profile.model.ts', '../../app/routes/profile/profile.service', 'src/app/routes/profile/profile.utils.ts', 'src/tests/prisma-mock.ts', 'src/tests/utils/profile.utils.test.ts', '../prisma-mock', 'src/app/routes/profile/profile.service.ts', 'src/app/routes/auth/token.utils.ts', 'src/app/routes/profile/profile.controller.ts']
[INFO]   [Whitelisted File Context] src/tests/utils/profile.utils.test.ts ──► Links: ['src/app/routes/routes.ts', 'src/app/routes/profile/profile.model.ts', 'src/app/routes/profile/profile.utils.ts', '../../app/routes/profile/profile.utils', 'src/app/routes/profile/profile.service.ts', 'src/app/routes/profile/profile.controller.ts', 'src/tests/services/profile.service.test.ts']
[INFO]   [Whitelisted File Context] tsconfig.app.json ──► Links: ['e2e/tsconfig.json', 'e2e/tsconfig.spec.json']
[INFO]   [Whitelisted File Context] tsconfig.json ──► Links: ['e2e/tsconfig.json', 'e2e/tsconfig.spec.json']
[INFO]   [Whitelisted File Context] tsconfig.spec.json ──► Links: ['e2e/tsconfig.json', 'e2e/tsconfig.spec.json']
[INFO] SUCCESS: Exported Whitelisted Intra-Repo dependency map to: C:\Users\komal.jayadeva\Downloads\code gen\rca\v21\intra_repo_dep_tree_node-express-realworld-example-app.json
[INFO] 
---Phase 1 - Step 4 ====== Generating Global Cross-Repo Dependency Tree ================
[INFO] [Repository Axis] react-redux-realworld-example-app ──► References Workspace Targets: []
[INFO] [Repository Axis] node-express-realworld-example-app ──► References Workspace Targets: []
[INFO] SUCCESS: Exported Inter-Repo topology tracking map to: C:\Users\komal.jayadeva\Downloads\code gen\rca\v21\inter_repo_dep_tree.json
[INFO] ================ PHASE 2: SEARCH, EXPAND & EXTRACT ================
[INFO] --- [PHASE 2] Processing Repository: react-redux-realworld-example-app (Branch: master) ---
[INFO] Phase 2 - Step 1 [react-redux-realworld-example-app]: Sending request to AAVA Search Endpoint (Attempt 1/3)...
[INFO] [react-redux-realworld-example-app] Successfully retrieved structural payload with 40 records from search.
[INFO] Phase 2 - Step 2 [react-redux-realworld-example-app]: Evaluating structural records against similarity boundaries (>= 0.01)...
[INFO] [react-redux-realworld-example-app] Accepted path [Similarity: 10.0313]: src/reducers/editor.js
[INFO] [react-redux-realworld-example-app] Accepted path [Similarity: 10.0196]: src/components/Editor.js
[INFO] [react-redux-realworld-example-app] Accepted path [Similarity: 10.0075]: src/components/ArticlePreview.js
[INFO] [react-redux-realworld-example-app] Accepted path [Similarity: 10.0018]: src/components/Article/index.js
[INFO] [react-redux-realworld-example-app] Accepted path [Similarity: 9.9854]: src/components/Article/ArticleMeta.js
[INFO] [react-redux-realworld-example-app] Accepted path [Similarity: 9.9767]: src/components/Home/MainView.js
[INFO] [react-redux-realworld-example-app] Accepted path [Similarity: 0.0299]: src/components/Home/index.js
[INFO] [react-redux-realworld-example-app] Accepted path [Similarity: 0.0292]: src/components/Profile.js
[INFO] [react-redux-realworld-example-app] Accepted path [Similarity: 0.0276]: src/constants/actionTypes.js
[INFO] [react-redux-realworld-example-app] Accepted path [Similarity: 0.0274]: src/components/ProfileFavorites.js
[INFO] [react-redux-realworld-example-app] Accepted path [Similarity: 0.0272]: src/reducers/common.js
[INFO] [react-redux-realworld-example-app] Accepted path [Similarity: 0.0270]: src/reducers/settings.js
[INFO] [react-redux-realworld-example-app] Accepted path [Similarity: 0.0267]: src/components/Article/ArticleActions.js
[INFO] [react-redux-realworld-example-app] Accepted path [Similarity: 0.0265]: src/components/ArticleList.js
[INFO] [react-redux-realworld-example-app] Accepted path [Similarity: 0.0263]: src/reducers/articleList.js
[INFO] [react-redux-realworld-example-app] Accepted path [Similarity: 0.0247]: src/reducers/auth.js
[INFO] [react-redux-realworld-example-app] Accepted path [Similarity: 0.0245]: src/reducer.js
[INFO] [react-redux-realworld-example-app] Accepted path [Similarity: 0.0242]: src/components/Home/Tags.js
[INFO] [react-redux-realworld-example-app] Accepted path [Similarity: 0.0238]: src/components/Settings.js
[INFO] [react-redux-realworld-example-app] Accepted path [Similarity: 0.0235]: src/components/Login.js
[INFO] [react-redux-realworld-example-app] Accepted path [Similarity: 0.0231]: src/components/ListPagination.js
[INFO] [react-redux-realworld-example-app] Accepted path [Similarity: 0.0231]: src/reducers/article.js
[INFO] [react-redux-realworld-example-app] Accepted path [Similarity: 0.0228]: src/components/Register.js
[INFO] [react-redux-realworld-example-app] Extracted 23 completely unique candidate filepath locations.
[INFO] Phase 2 - Step 3 [react-redux-realworld-example-app]: Filtering paths matching targeting extension whitelist...
[INFO] [react-redux-realworld-example-app] Retained path allocation target matching runtime criteria: [src/reducers/editor.js]
[INFO] [react-redux-realworld-example-app] Retained path allocation target matching runtime criteria: [src/components/Editor.js]
[INFO] [react-redux-realworld-example-app] Retained path allocation target matching runtime criteria: [src/components/ArticlePreview.js]
[INFO] [react-redux-realworld-example-app] Retained path allocation target matching runtime criteria: [src/components/Article/index.js]
[INFO] [react-redux-realworld-example-app] Retained path allocation target matching runtime criteria: [src/components/Article/ArticleMeta.js]
[INFO] [react-redux-realworld-example-app] Retained path allocation target matching runtime criteria: [src/components/Home/MainView.js]
[INFO] [react-redux-realworld-example-app] Retained path allocation target matching runtime criteria: [src/components/Home/index.js]
[INFO] [react-redux-realworld-example-app] Retained path allocation target matching runtime criteria: [src/components/Profile.js]
[INFO] [react-redux-realworld-example-app] Retained path allocation target matching runtime criteria: [src/constants/actionTypes.js]
[INFO] [react-redux-realworld-example-app] Retained path allocation target matching runtime criteria: [src/components/ProfileFavorites.js]
[INFO] [react-redux-realworld-example-app] Retained path allocation target matching runtime criteria: [src/reducers/common.js]
[INFO] [react-redux-realworld-example-app] Retained path allocation target matching runtime criteria: [src/reducers/settings.js]
[INFO] [react-redux-realworld-example-app] Retained path allocation target matching runtime criteria: [src/components/Article/ArticleActions.js]
[INFO] [react-redux-realworld-example-app] Retained path allocation target matching runtime criteria: [src/components/ArticleList.js]
[INFO] [react-redux-realworld-example-app] Retained path allocation target matching runtime criteria: [src/reducers/articleList.js]
[INFO] [react-redux-realworld-example-app] Retained path allocation target matching runtime criteria: [src/reducers/auth.js]
[INFO] [react-redux-realworld-example-app] Retained path allocation target matching runtime criteria: [src/reducer.js]
[INFO] [react-redux-realworld-example-app] Retained path allocation target matching runtime criteria: [src/components/Home/Tags.js]
[INFO] [react-redux-realworld-example-app] Retained path allocation target matching runtime criteria: [src/components/Settings.js]
[INFO] [react-redux-realworld-example-app] Retained path allocation target matching runtime criteria: [src/components/Login.js]
[INFO] [react-redux-realworld-example-app] Retained path allocation target matching runtime criteria: [src/components/ListPagination.js]
[INFO] [react-redux-realworld-example-app] Retained path allocation target matching runtime criteria: [src/reducers/article.js]
[INFO] [react-redux-realworld-example-app] Retained path allocation target matching runtime criteria: [src/components/Register.js]
[INFO] Phase 2 - Step 3 Completed [react-redux-realworld-example-app]: Consolidated 23 paths for source code payload downstream consumption.
[INFO] --- Phase 2 - Step 4 [Expansion]: Looking up dependencies for 'react-redux-realworld-example-app' ---
[INFO] [react-redux-realworld-example-app] Expanding [src/reducers/editor.js] with 4 intra-repo dependencies.
[INFO] [react-redux-realworld-example-app] Expanding [src/components/Editor.js] with 8 intra-repo dependencies.
[INFO] [react-redux-realworld-example-app] Expanding [src/components/ArticlePreview.js] with 5 intra-repo dependencies.
[INFO] [react-redux-realworld-example-app] Expanding [src/components/Article/index.js] with 12 intra-repo dependencies.
[INFO] [react-redux-realworld-example-app] Expanding [src/components/Article/ArticleMeta.js] with 3 intra-repo dependencies.
[INFO] [react-redux-realworld-example-app] Expanding [src/components/Home/MainView.js] with 9 intra-repo dependencies.
[INFO] [react-redux-realworld-example-app] Expanding [src/components/Home/index.js] with 11 intra-repo dependencies.
[INFO] [react-redux-realworld-example-app] Expanding [src/components/Profile.js] with 12 intra-repo dependencies.
[INFO] [react-redux-realworld-example-app] Expanding [src/constants/actionTypes.js] with 10 intra-repo dependencies.
[INFO] [react-redux-realworld-example-app] Expanding [src/components/ProfileFavorites.js] with 8 intra-repo dependencies.
[INFO] [react-redux-realworld-example-app] Expanding [src/reducers/common.js] with 11 intra-repo dependencies.
[INFO] [react-redux-realworld-example-app] Expanding [src/reducers/settings.js] with 3 intra-repo dependencies.
[INFO] [react-redux-realworld-example-app] Expanding [src/components/Article/ArticleActions.js] with 7 intra-repo dependencies.
[INFO] [react-redux-realworld-example-app] Expanding [src/components/ArticleList.js] with 6 intra-repo dependencies.
[INFO] [react-redux-realworld-example-app] Expanding [src/reducers/articleList.js] with 5 intra-repo dependencies.
[INFO] [react-redux-realworld-example-app] Expanding [src/reducers/auth.js] with 4 intra-repo dependencies.
[INFO] [react-redux-realworld-example-app] Expanding [src/reducer.js] with 18 intra-repo dependencies.
[INFO] [react-redux-realworld-example-app] Expanding [src/components/Home/Tags.js] with 3 intra-repo dependencies.
[INFO] [react-redux-realworld-example-app] Expanding [src/components/Settings.js] with 10 intra-repo dependencies.
[INFO] [react-redux-realworld-example-app] Expanding [src/components/Login.js] with 7 intra-repo dependencies.
[INFO] [react-redux-realworld-example-app] Expanding [src/components/ListPagination.js] with 5 intra-repo dependencies.
[INFO] [react-redux-realworld-example-app] Expanding [src/reducers/article.js] with 3 intra-repo dependencies.
[INFO] [react-redux-realworld-example-app] Expanding [src/components/Register.js] with 7 intra-repo dependencies.
[INFO] [react-redux-realworld-example-app] Final expanded file count to fetch: 53 (Original Search matches: 23)
[INFO] Phase 2 - Step 5 [react-redux-realworld-example-app]: Beginning local extraction of source file content payloads from memory zip cache...
[INFO] [react-redux-realworld-example-app] Extracting cached content payload context for artifact: [src/reducers/editor.js]
[INFO] [react-redux-realworld-example-app] Successfully tracked code profile mapping dictionary entry for artifact path: [src/reducers/editor.js]
[INFO] [react-redux-realworld-example-app] Extracting cached content payload context for artifact: [src/components/Editor.js]
[INFO] [react-redux-realworld-example-app] Successfully tracked code profile mapping dictionary entry for artifact path: [src/components/Editor.js]
[INFO] [react-redux-realworld-example-app] Extracting cached content payload context for artifact: [src/components/ArticlePreview.js]
[INFO] [react-redux-realworld-example-app] Successfully tracked code profile mapping dictionary entry for artifact path: [src/components/ArticlePreview.js]
[INFO] [react-redux-realworld-example-app] Extracting cached content payload context for artifact: [src/components/Article/index.js]
[INFO] [react-redux-realworld-example-app] Successfully tracked code profile mapping dictionary entry for artifact path: [src/components/Article/index.js]
[INFO] [react-redux-realworld-example-app] Extracting cached content payload context for artifact: [src/components/Article/ArticleMeta.js]
[INFO] [react-redux-realworld-example-app] Successfully tracked code profile mapping dictionary entry for artifact path: [src/components/Article/ArticleMeta.js]
[INFO] [react-redux-realworld-example-app] Extracting cached content payload context for artifact: [src/components/Home/MainView.js]
[INFO] [react-redux-realworld-example-app] Successfully tracked code profile mapping dictionary entry for artifact path: [src/components/Home/MainView.js]
[INFO] [react-redux-realworld-example-app] Extracting cached content payload context for artifact: [src/components/Home/index.js]
[INFO] [react-redux-realworld-example-app] Successfully tracked code profile mapping dictionary entry for artifact path: [src/components/Home/index.js]
[INFO] [react-redux-realworld-example-app] Extracting cached content payload context for artifact: [src/components/Profile.js]
[INFO] [react-redux-realworld-example-app] Successfully tracked code profile mapping dictionary entry for artifact path: [src/components/Profile.js]
[INFO] [react-redux-realworld-example-app] Extracting cached content payload context for artifact: [src/constants/actionTypes.js]
[INFO] [react-redux-realworld-example-app] Successfully tracked code profile mapping dictionary entry for artifact path: [src/constants/actionTypes.js]
[INFO] [react-redux-realworld-example-app] Extracting cached content payload context for artifact: [src/components/ProfileFavorites.js]
[INFO] [react-redux-realworld-example-app] Successfully tracked code profile mapping dictionary entry for artifact path: [src/components/ProfileFavorites.js]
[INFO] [react-redux-realworld-example-app] Extracting cached content payload context for artifact: [src/reducers/common.js]
[INFO] [react-redux-realworld-example-app] Successfully tracked code profile mapping dictionary entry for artifact path: [src/reducers/common.js]
[INFO] [react-redux-realworld-example-app] Extracting cached content payload context for artifact: [src/reducers/settings.js]
[INFO] [react-redux-realworld-example-app] Successfully tracked code profile mapping dictionary entry for artifact path: [src/reducers/settings.js]
[INFO] [react-redux-realworld-example-app] Extracting cached content payload context for artifact: [src/components/Article/ArticleActions.js]
[INFO] [react-redux-realworld-example-app] Successfully tracked code profile mapping dictionary entry for artifact path: [src/components/Article/ArticleActions.js]
[INFO] [react-redux-realworld-example-app] Extracting cached content payload context for artifact: [src/components/ArticleList.js]
[INFO] [react-redux-realworld-example-app] Successfully tracked code profile mapping dictionary entry for artifact path: [src/components/ArticleList.js]
[INFO] [react-redux-realworld-example-app] Extracting cached content payload context for artifact: [src/reducers/articleList.js]
[INFO] [react-redux-realworld-example-app] Successfully tracked code profile mapping dictionary entry for artifact path: [src/reducers/articleList.js]
[INFO] [react-redux-realworld-example-app] Extracting cached content payload context for artifact: [src/reducers/auth.js]
[INFO] [react-redux-realworld-example-app] Successfully tracked code profile mapping dictionary entry for artifact path: [src/reducers/auth.js]
[INFO] [react-redux-realworld-example-app] Extracting cached content payload context for artifact: [src/reducer.js]
[INFO] [react-redux-realworld-example-app] Successfully tracked code profile mapping dictionary entry for artifact path: [src/reducer.js]
[INFO] [react-redux-realworld-example-app] Extracting cached content payload context for artifact: [src/components/Home/Tags.js]
[INFO] [react-redux-realworld-example-app] Successfully tracked code profile mapping dictionary entry for artifact path: [src/components/Home/Tags.js]
[INFO] [react-redux-realworld-example-app] Extracting cached content payload context for artifact: [src/components/Settings.js]
[INFO] [react-redux-realworld-example-app] Successfully tracked code profile mapping dictionary entry for artifact path: [src/components/Settings.js]
[INFO] [react-redux-realworld-example-app] Extracting cached content payload context for artifact: [src/components/Login.js]
[INFO] [react-redux-realworld-example-app] Successfully tracked code profile mapping dictionary entry for artifact path: [src/components/Login.js]
[INFO] [react-redux-realworld-example-app] Extracting cached content payload context for artifact: [src/components/ListPagination.js]
[INFO] [react-redux-realworld-example-app] Successfully tracked code profile mapping dictionary entry for artifact path: [src/components/ListPagination.js]
[INFO] [react-redux-realworld-example-app] Extracting cached content payload context for artifact: [src/reducers/article.js]
[INFO] [react-redux-realworld-example-app] Successfully tracked code profile mapping dictionary entry for artifact path: [src/reducers/article.js]
[INFO] [react-redux-realworld-example-app] Extracting cached content payload context for artifact: [src/components/Register.js]
[INFO] [react-redux-realworld-example-app] Successfully tracked code profile mapping dictionary entry for artifact path: [src/components/Register.js]
[INFO] [react-redux-realworld-example-app] Extracting cached content payload context for artifact: [../constants/actionTypes]
[ERROR] [react-redux-realworld-example-app] Failed to acquire local content stream for asset reference [../constants/actionTypes]: File not found in zip.
[INFO] [react-redux-realworld-example-app] Extracting cached content payload context for artifact: [src/components/ListErrors.js]
[INFO] [react-redux-realworld-example-app] Successfully tracked code profile mapping dictionary entry for artifact path: [src/components/ListErrors.js]
[INFO] [react-redux-realworld-example-app] Extracting cached content payload context for artifact: [./ListErrors]
[ERROR] [react-redux-realworld-example-app] Failed to acquire local content stream for asset reference [./ListErrors]: File not found in zip.
[INFO] [react-redux-realworld-example-app] Extracting cached content payload context for artifact: [src/agent.js]
[INFO] [react-redux-realworld-example-app] Successfully tracked code profile mapping dictionary entry for artifact path: [src/agent.js]
[INFO] [react-redux-realworld-example-app] Extracting cached content payload context for artifact: [../agent]
[ERROR] [react-redux-realworld-example-app] Failed to acquire local content stream for asset reference [../agent]: File not found in zip.
[INFO] [react-redux-realworld-example-app] Extracting cached content payload context for artifact: [../../agent]
[ERROR] [react-redux-realworld-example-app] Failed to acquire local content stream for asset reference [../../agent]: File not found in zip.
[INFO] [react-redux-realworld-example-app] Extracting cached content payload context for artifact: [./CommentContainer]
[ERROR] [react-redux-realworld-example-app] Failed to acquire local content stream for asset reference [./CommentContainer]: File not found in zip.
[INFO] [react-redux-realworld-example-app] Extracting cached content payload context for artifact: [../../constants/actionTypes]
[ERROR] [react-redux-realworld-example-app] Failed to acquire local content stream for asset reference [../../constants/actionTypes]: File not found in zip.
[INFO] [react-redux-realworld-example-app] Extracting cached content payload context for artifact: [src/components/Article/CommentContainer.js]
[INFO] [react-redux-realworld-example-app] Successfully tracked code profile mapping dictionary entry for artifact path: [src/components/Article/CommentContainer.js]
[INFO] [react-redux-realworld-example-app] Extracting cached content payload context for artifact: [./ArticleMeta]
[ERROR] [react-redux-realworld-example-app] Failed to acquire local content stream for asset reference [./ArticleMeta]: File not found in zip.
[INFO] [react-redux-realworld-example-app] Extracting cached content payload context for artifact: [src/components/Article/Comment.js]
[INFO] [react-redux-realworld-example-app] Successfully tracked code profile mapping dictionary entry for artifact path: [src/components/Article/Comment.js]
[INFO] [react-redux-realworld-example-app] Extracting cached content payload context for artifact: [src/components/Home/Banner.js]
[INFO] [react-redux-realworld-example-app] Successfully tracked code profile mapping dictionary entry for artifact path: [src/components/Home/Banner.js]
[INFO] [react-redux-realworld-example-app] Extracting cached content payload context for artifact: [./ArticleActions]
[ERROR] [react-redux-realworld-example-app] Failed to acquire local content stream for asset reference [./ArticleActions]: File not found in zip.
[INFO] [react-redux-realworld-example-app] Extracting cached content payload context for artifact: [../ArticleList]
[ERROR] [react-redux-realworld-example-app] Failed to acquire local content stream for asset reference [../ArticleList]: File not found in zip.
[INFO] [react-redux-realworld-example-app] Extracting cached content payload context for artifact: [./Tags]
[ERROR] [react-redux-realworld-example-app] Failed to acquire local content stream for asset reference [./Tags]: File not found in zip.
[INFO] [react-redux-realworld-example-app] Extracting cached content payload context for artifact: [./Banner]
[ERROR] [react-redux-realworld-example-app] Failed to acquire local content stream for asset reference [./Banner]: File not found in zip.
[INFO] [react-redux-realworld-example-app] Extracting cached content payload context for artifact: [./MainView]
[ERROR] [react-redux-realworld-example-app] Failed to acquire local content stream for asset reference [./MainView]: File not found in zip.
[INFO] [react-redux-realworld-example-app] Extracting cached content payload context for artifact: [src/reducers/profile.js]
[INFO] [react-redux-realworld-example-app] Successfully tracked code profile mapping dictionary entry for artifact path: [src/reducers/profile.js]
[INFO] [react-redux-realworld-example-app] Extracting cached content payload context for artifact: [./ArticleList]
[ERROR] [react-redux-realworld-example-app] Failed to acquire local content stream for asset reference [./ArticleList]: File not found in zip.
[INFO] [react-redux-realworld-example-app] Extracting cached content payload context for artifact: [./Profile]
[ERROR] [react-redux-realworld-example-app] Failed to acquire local content stream for asset reference [./Profile]: File not found in zip.
[INFO] [react-redux-realworld-example-app] Extracting cached content payload context for artifact: [./ArticlePreview]
[ERROR] [react-redux-realworld-example-app] Failed to acquire local content stream for asset reference [./ArticlePreview]: File not found in zip.
[INFO] [react-redux-realworld-example-app] Extracting cached content payload context for artifact: [./ListPagination]
[ERROR] [react-redux-realworld-example-app] Failed to acquire local content stream for asset reference [./ListPagination]: File not found in zip.
[INFO] [react-redux-realworld-example-app] Extracting cached content payload context for artifact: [./reducers/common]
[ERROR] [react-redux-realworld-example-app] Failed to acquire local content stream for asset reference [./reducers/common]: File not found in zip.
[INFO] [react-redux-realworld-example-app] Extracting cached content payload context for artifact: [./reducers/settings]
[ERROR] [react-redux-realworld-example-app] Failed to acquire local content stream for asset reference [./reducers/settings]: File not found in zip.
[INFO] [react-redux-realworld-example-app] Extracting cached content payload context for artifact: [./reducers/auth]
[ERROR] [react-redux-realworld-example-app] Failed to acquire local content stream for asset reference [./reducers/auth]: File not found in zip.
[INFO] [react-redux-realworld-example-app] Extracting cached content payload context for artifact: [./reducers/editor]
[ERROR] [react-redux-realworld-example-app] Failed to acquire local content stream for asset reference [./reducers/editor]: File not found in zip.
[INFO] [react-redux-realworld-example-app] Extracting cached content payload context for artifact: [./reducers/profile]
[ERROR] [react-redux-realworld-example-app] Failed to acquire local content stream for asset reference [./reducers/profile]: File not found in zip.
[INFO] [react-redux-realworld-example-app] Extracting cached content payload context for artifact: [./reducers/articleList]
[ERROR] [react-redux-realworld-example-app] Failed to acquire local content stream for asset reference [./reducers/articleList]: File not found in zip.
[INFO] [react-redux-realworld-example-app] Extracting cached content payload context for artifact: [./reducers/article]
[ERROR] [react-redux-realworld-example-app] Failed to acquire local content stream for asset reference [./reducers/article]: File not found in zip.
[INFO] [react-redux-realworld-example-app] Extracting cached content payload context for artifact: [./reducers/home]
[ERROR] [react-redux-realworld-example-app] Failed to acquire local content stream for asset reference [./reducers/home]: File not found in zip.
[INFO] Successfully populated 29 objects into tracking matrix structure for repository 'react-redux-realworld-example-app'.
[INFO] Pacing boundaries active. Pausing operations for 20s to safeguard API Gateway pool context limits...
[INFO] --- [PHASE 2] Processing Repository: node-express-realworld-example-app (Branch: master) ---
[INFO] Phase 2 - Step 1 [node-express-realworld-example-app]: Sending request to AAVA Search Endpoint (Attempt 1/3)...
[INFO] [node-express-realworld-example-app] Successfully retrieved structural payload with 34 records from search.
[INFO] Phase 2 - Step 2 [node-express-realworld-example-app]: Evaluating structural records against similarity boundaries (>= 0.01)...
[INFO] [node-express-realworld-example-app] Accepted path [Similarity: 10.0299]: src/app/routes/article/article.service.ts
[INFO] [node-express-realworld-example-app] Accepted path [Similarity: 10.0145]: e2e/src/support/global-setup.ts
[INFO] [node-express-realworld-example-app] Accepted path [Similarity: 9.9982]: src/prisma/seed.ts
[INFO] [node-express-realworld-example-app] Accepted path [Similarity: 9.9796]: src/prisma/migrations/20211001143221_implicit_tags/migration.sql
[INFO] [node-express-realworld-example-app] Accepted path [Similarity: 0.0303]: src/app/routes/article/article.controller.ts
[INFO] [node-express-realworld-example-app] Accepted path [Similarity: 0.0287]: src/tests/services/article.service.test.ts
[INFO] [node-express-realworld-example-app] Accepted path [Similarity: 0.0251]: src/prisma/migrations/20210924225358_initial/migration.sql
[INFO] [node-express-realworld-example-app] Accepted path [Similarity: 0.0244]: src/app/routes/routes.ts
[INFO] [node-express-realworld-example-app] Accepted path [Similarity: 0.0243]: Dockerfile
[INFO] [node-express-realworld-example-app] Accepted path [Similarity: 0.0237]: jest.config.ts
[INFO] [node-express-realworld-example-app] Accepted path [Similarity: 0.0232]: src/app/routes/auth/user.model.ts
[INFO] [node-express-realworld-example-app] Accepted path [Similarity: 0.0223]: src/app/routes/article/article.mapper.ts
[INFO] [node-express-realworld-example-app] Accepted path [Similarity: 0.0223]: e2e/jest.config.ts
[INFO] [node-express-realworld-example-app] Accepted path [Similarity: 0.0222]: src/app/routes/tag/tag.service.ts
[INFO] [node-express-realworld-example-app] Accepted path [Similarity: 0.0219]: src/prisma/migrations/20211105153605_api_url/migration.sql
[INFO] [node-express-realworld-example-app] Extracted 15 completely unique candidate filepath locations.
[INFO] Phase 2 - Step 3 [node-express-realworld-example-app]: Filtering paths matching targeting extension whitelist...
[INFO] [node-express-realworld-example-app] Retained path allocation target matching runtime criteria: [src/app/routes/article/article.service.ts]
[INFO] [node-express-realworld-example-app] Retained path allocation target matching runtime criteria: [e2e/src/support/global-setup.ts]
[INFO] [node-express-realworld-example-app] Retained path allocation target matching runtime criteria: [src/prisma/seed.ts]
[INFO] [node-express-realworld-example-app] Retained path allocation target matching runtime criteria: [src/prisma/migrations/20211001143221_implicit_tags/migration.sql]
[INFO] [node-express-realworld-example-app] Retained path allocation target matching runtime criteria: [src/app/routes/article/article.controller.ts]
[INFO] [node-express-realworld-example-app] Retained path allocation target matching runtime criteria: [src/tests/services/article.service.test.ts]
[INFO] [node-express-realworld-example-app] Retained path allocation target matching runtime criteria: [src/prisma/migrations/20210924225358_initial/migration.sql]
[INFO] [node-express-realworld-example-app] Retained path allocation target matching runtime criteria: [src/app/routes/routes.ts]
[INFO] [node-express-realworld-example-app] Retained path allocation target matching runtime criteria: [jest.config.ts]
[INFO] [node-express-realworld-example-app] Retained path allocation target matching runtime criteria: [src/app/routes/auth/user.model.ts]
[INFO] [node-express-realworld-example-app] Retained path allocation target matching runtime criteria: [src/app/routes/article/article.mapper.ts]
[INFO] [node-express-realworld-example-app] Retained path allocation target matching runtime criteria: [e2e/jest.config.ts]
[INFO] [node-express-realworld-example-app] Retained path allocation target matching runtime criteria: [src/app/routes/tag/tag.service.ts]
[INFO] [node-express-realworld-example-app] Retained path allocation target matching runtime criteria: [src/prisma/migrations/20211105153605_api_url/migration.sql]
[INFO] Phase 2 - Step 3 Completed [node-express-realworld-example-app]: Consolidated 14 paths for source code payload downstream consumption.
[INFO] --- Phase 2 - Step 4 [Expansion]: Looking up dependencies for 'node-express-realworld-example-app' ---
[INFO] [node-express-realworld-example-app] Expanding [src/app/routes/article/article.service.ts] with 19 intra-repo dependencies.
[INFO] [node-express-realworld-example-app] Expanding [src/prisma/seed.ts] with 13 intra-repo dependencies.
[INFO] [node-express-realworld-example-app] Expanding [src/prisma/migrations/20211001143221_implicit_tags/migration.sql] with 5 intra-repo dependencies.
[INFO] [node-express-realworld-example-app] Expanding [src/app/routes/article/article.controller.ts] with 8 intra-repo dependencies.
[INFO] [node-express-realworld-example-app] Expanding [src/tests/services/article.service.test.ts] with 11 intra-repo dependencies.
[INFO] [node-express-realworld-example-app] Expanding [src/prisma/migrations/20210924225358_initial/migration.sql] with 7 intra-repo dependencies.
[INFO] [node-express-realworld-example-app] Expanding [src/app/routes/routes.ts] with 15 intra-repo dependencies.
[INFO] [node-express-realworld-example-app] Expanding [jest.config.ts] with 3 intra-repo dependencies.
[INFO] [node-express-realworld-example-app] Expanding [src/app/routes/auth/user.model.ts] with 8 intra-repo dependencies.
[INFO] [node-express-realworld-example-app] Expanding [src/app/routes/article/article.mapper.ts] with 6 intra-repo dependencies.
[INFO] [node-express-realworld-example-app] Expanding [e2e/jest.config.ts] with 6 intra-repo dependencies.
[INFO] [node-express-realworld-example-app] Expanding [src/app/routes/tag/tag.service.ts] with 9 intra-repo dependencies.
[INFO] [node-express-realworld-example-app] Final expanded file count to fetch: 55 (Original Search matches: 14)
[INFO] Phase 2 - Step 5 [node-express-realworld-example-app]: Beginning local extraction of source file content payloads from memory zip cache...
[INFO] [node-express-realworld-example-app] Extracting cached content payload context for artifact: [src/app/routes/article/article.service.ts]
[INFO] [node-express-realworld-example-app] Successfully tracked code profile mapping dictionary entry for artifact path: [src/app/routes/article/article.service.ts]
[INFO] [node-express-realworld-example-app] Extracting cached content payload context for artifact: [e2e/src/support/global-setup.ts]
[INFO] [node-express-realworld-example-app] Successfully tracked code profile mapping dictionary entry for artifact path: [e2e/src/support/global-setup.ts]
[INFO] [node-express-realworld-example-app] Extracting cached content payload context for artifact: [src/prisma/seed.ts]
[INFO] [node-express-realworld-example-app] Successfully tracked code profile mapping dictionary entry for artifact path: [src/prisma/seed.ts]
[INFO] [node-express-realworld-example-app] Extracting cached content payload context for artifact: [src/prisma/migrations/20211001143221_implicit_tags/migration.sql]
[INFO] [node-express-realworld-example-app] Successfully tracked code profile mapping dictionary entry for artifact path: [src/prisma/migrations/20211001143221_implicit_tags/migration.sql]
[INFO] [node-express-realworld-example-app] Extracting cached content payload context for artifact: [src/app/routes/article/article.controller.ts]
[INFO] [node-express-realworld-example-app] Successfully tracked code profile mapping dictionary entry for artifact path: [src/app/routes/article/article.controller.ts]
[INFO] [node-express-realworld-example-app] Extracting cached content payload context for artifact: [src/tests/services/article.service.test.ts]
[INFO] [node-express-realworld-example-app] Successfully tracked code profile mapping dictionary entry for artifact path: [src/tests/services/article.service.test.ts]
[INFO] [node-express-realworld-example-app] Extracting cached content payload context for artifact: [src/prisma/migrations/20210924225358_initial/migration.sql]
[INFO] [node-express-realworld-example-app] Successfully tracked code profile mapping dictionary entry for artifact path: [src/prisma/migrations/20210924225358_initial/migration.sql]
[INFO] [node-express-realworld-example-app] Extracting cached content payload context for artifact: [src/app/routes/routes.ts]
[INFO] [node-express-realworld-example-app] Successfully tracked code profile mapping dictionary entry for artifact path: [src/app/routes/routes.ts]
[INFO] [node-express-realworld-example-app] Extracting cached content payload context for artifact: [jest.config.ts]
[INFO] [node-express-realworld-example-app] Successfully tracked code profile mapping dictionary entry for artifact path: [jest.config.ts]
[INFO] [node-express-realworld-example-app] Extracting cached content payload context for artifact: [src/app/routes/auth/user.model.ts]
[INFO] [node-express-realworld-example-app] Successfully tracked code profile mapping dictionary entry for artifact path: [src/app/routes/auth/user.model.ts]
[INFO] [node-express-realworld-example-app] Extracting cached content payload context for artifact: [src/app/routes/article/article.mapper.ts]
[INFO] [node-express-realworld-example-app] Successfully tracked code profile mapping dictionary entry for artifact path: [src/app/routes/article/article.mapper.ts]
[INFO] [node-express-realworld-example-app] Extracting cached content payload context for artifact: [e2e/jest.config.ts]
[INFO] [node-express-realworld-example-app] Successfully tracked code profile mapping dictionary entry for artifact path: [e2e/jest.config.ts]
[INFO] [node-express-realworld-example-app] Extracting cached content payload context for artifact: [src/app/routes/tag/tag.service.ts]
[INFO] [node-express-realworld-example-app] Successfully tracked code profile mapping dictionary entry for artifact path: [src/app/routes/tag/tag.service.ts]
[INFO] [node-express-realworld-example-app] Extracting cached content payload context for artifact: [src/prisma/migrations/20211105153605_api_url/migration.sql]
[INFO] [node-express-realworld-example-app] Successfully tracked code profile mapping dictionary entry for artifact path: [src/prisma/migrations/20211105153605_api_url/migration.sql]
[INFO] [node-express-realworld-example-app] Extracting cached content payload context for artifact: [src/app/models/http-exception.model.ts]
[INFO] [node-express-realworld-example-app] Successfully tracked code profile mapping dictionary entry for artifact path: [src/app/models/http-exception.model.ts]
[INFO] [node-express-realworld-example-app] Extracting cached content payload context for artifact: [src/app/routes/profile/profile.utils.ts]
[INFO] [node-express-realworld-example-app] Successfully tracked code profile mapping dictionary entry for artifact path: [src/app/routes/profile/profile.utils.ts]
[INFO] [node-express-realworld-example-app] Extracting cached content payload context for artifact: [src/app/routes/article/author.mapper.ts]
[INFO] [node-express-realworld-example-app] Successfully tracked code profile mapping dictionary entry for artifact path: [src/app/routes/article/author.mapper.ts]
[INFO] [node-express-realworld-example-app] Extracting cached content payload context for artifact: [../profile/profile.utils]
[ERROR] [node-express-realworld-example-app] Failed to acquire local content stream for asset reference [../profile/profile.utils]: File not found in zip.
[INFO] [node-express-realworld-example-app] Extracting cached content payload context for artifact: [../tag/tag.model]
[ERROR] [node-express-realworld-example-app] Failed to acquire local content stream for asset reference [../tag/tag.model]: File not found in zip.
[INFO] [node-express-realworld-example-app] Extracting cached content payload context for artifact: [src/app/routes/profile/profile.model.ts]
[INFO] [node-express-realworld-example-app] Successfully tracked code profile mapping dictionary entry for artifact path: [src/app/routes/profile/profile.model.ts]
[INFO] [node-express-realworld-example-app] Extracting cached content payload context for artifact: [../../models/http-exception.model]
[ERROR] [node-express-realworld-example-app] Failed to acquire local content stream for asset reference [../../models/http-exception.model]: File not found in zip.
[INFO] [node-express-realworld-example-app] Extracting cached content payload context for artifact: [src/tests/services/profile.service.test.ts]
[INFO] [node-express-realworld-example-app] Successfully tracked code profile mapping dictionary entry for artifact path: [src/tests/services/profile.service.test.ts]
[INFO] [node-express-realworld-example-app] Extracting cached content payload context for artifact: [src/tests/utils/profile.utils.test.ts]
[INFO] [node-express-realworld-example-app] Successfully tracked code profile mapping dictionary entry for artifact path: [src/tests/utils/profile.utils.test.ts]
[INFO] [node-express-realworld-example-app] Extracting cached content payload context for artifact: [src/app/routes/article/comment.model.ts]
[INFO] [node-express-realworld-example-app] Successfully tracked code profile mapping dictionary entry for artifact path: [src/app/routes/article/comment.model.ts]
[INFO] [node-express-realworld-example-app] Extracting cached content payload context for artifact: [src/app/routes/profile/profile.service.ts]
[INFO] [node-express-realworld-example-app] Successfully tracked code profile mapping dictionary entry for artifact path: [src/app/routes/profile/profile.service.ts]
[INFO] [node-express-realworld-example-app] Extracting cached content payload context for artifact: [src/prisma/prisma-client.ts]
[INFO] [node-express-realworld-example-app] Successfully tracked code profile mapping dictionary entry for artifact path: [src/prisma/prisma-client.ts]
[INFO] [node-express-realworld-example-app] Extracting cached content payload context for artifact: [./article.mapper]
[ERROR] [node-express-realworld-example-app] Failed to acquire local content stream for asset reference [./article.mapper]: File not found in zip.
[INFO] [node-express-realworld-example-app] Extracting cached content payload context for artifact: [src/app/routes/article/article.model.ts]
[INFO] [node-express-realworld-example-app] Successfully tracked code profile mapping dictionary entry for artifact path: [src/app/routes/article/article.model.ts]
[INFO] [node-express-realworld-example-app] Extracting cached content payload context for artifact: [../../../prisma/prisma-client]
[ERROR] [node-express-realworld-example-app] Failed to acquire local content stream for asset reference [../../../prisma/prisma-client]: File not found in zip.
[INFO] [node-express-realworld-example-app] Extracting cached content payload context for artifact: [src/app/routes/profile/profile.controller.ts]
[INFO] [node-express-realworld-example-app] Successfully tracked code profile mapping dictionary entry for artifact path: [src/app/routes/profile/profile.controller.ts]
[INFO] [node-express-realworld-example-app] Extracting cached content payload context for artifact: [@prisma/client]
[ERROR] [node-express-realworld-example-app] Failed to acquire local content stream for asset reference [@prisma/client]: File not found in zip.
[INFO] [node-express-realworld-example-app] Extracting cached content payload context for artifact: [../app/routes/auth/registered-user.model]
[ERROR] [node-express-realworld-example-app] Failed to acquire local content stream for asset reference [../app/routes/auth/registered-user.model]: File not found in zip.
[INFO] [node-express-realworld-example-app] Extracting cached content payload context for artifact: [../app/routes/article/article.service]
[ERROR] [node-express-realworld-example-app] Failed to acquire local content stream for asset reference [../app/routes/article/article.service]: File not found in zip.
[INFO] [node-express-realworld-example-app] Extracting cached content payload context for artifact: [src/app/routes/auth/registered-user.model.ts]
[INFO] [node-express-realworld-example-app] Successfully tracked code profile mapping dictionary entry for artifact path: [src/app/routes/auth/registered-user.model.ts]
[INFO] [node-express-realworld-example-app] Extracting cached content payload context for artifact: [../app/routes/auth/auth.service]
[ERROR] [node-express-realworld-example-app] Failed to acquire local content stream for asset reference [../app/routes/auth/auth.service]: File not found in zip.
[INFO] [node-express-realworld-example-app] Extracting cached content payload context for artifact: [@ngneat/falso]
[ERROR] [node-express-realworld-example-app] Failed to acquire local content stream for asset reference [@ngneat/falso]: File not found in zip.
[INFO] [node-express-realworld-example-app] Extracting cached content payload context for artifact: [./article.service]
[ERROR] [node-express-realworld-example-app] Failed to acquire local content stream for asset reference [./article.service]: File not found in zip.
[INFO] [node-express-realworld-example-app] Extracting cached content payload context for artifact: [../auth/auth]
[ERROR] [node-express-realworld-example-app] Failed to acquire local content stream for asset reference [../auth/auth]: File not found in zip.
[INFO] [node-express-realworld-example-app] Extracting cached content payload context for artifact: [../../app/routes/article/article.service]
[ERROR] [node-express-realworld-example-app] Failed to acquire local content stream for asset reference [../../app/routes/article/article.service]: File not found in zip.
[INFO] [node-express-realworld-example-app] Extracting cached content payload context for artifact: [src/tests/prisma-mock.ts]
[INFO] [node-express-realworld-example-app] Successfully tracked code profile mapping dictionary entry for artifact path: [src/tests/prisma-mock.ts]
[INFO] [node-express-realworld-example-app] Extracting cached content payload context for artifact: [../prisma-mock]
[ERROR] [node-express-realworld-example-app] Failed to acquire local content stream for asset reference [../prisma-mock]: File not found in zip.
[INFO] [node-express-realworld-example-app] Extracting cached content payload context for artifact: [src/app/routes/auth/token.utils.ts]
[INFO] [node-express-realworld-example-app] Successfully tracked code profile mapping dictionary entry for artifact path: [src/app/routes/auth/token.utils.ts]
[INFO] [node-express-realworld-example-app] Extracting cached content payload context for artifact: [./tag/tag.controller]
[ERROR] [node-express-realworld-example-app] Failed to acquire local content stream for asset reference [./tag/tag.controller]: File not found in zip.
[INFO] [node-express-realworld-example-app] Extracting cached content payload context for artifact: [./article/article.controller]
[ERROR] [node-express-realworld-example-app] Failed to acquire local content stream for asset reference [./article/article.controller]: File not found in zip.
[INFO] [node-express-realworld-example-app] Extracting cached content payload context for artifact: [./profile/profile.controller]
[ERROR] [node-express-realworld-example-app] Failed to acquire local content stream for asset reference [./profile/profile.controller]: File not found in zip.
[INFO] [node-express-realworld-example-app] Extracting cached content payload context for artifact: [./auth/auth.controller]
[ERROR] [node-express-realworld-example-app] Failed to acquire local content stream for asset reference [./auth/auth.controller]: File not found in zip.
[INFO] [node-express-realworld-example-app] Extracting cached content payload context for artifact: [.vscode/extensions.json]
[INFO] [node-express-realworld-example-app] Successfully tracked code profile mapping dictionary entry for artifact path: [.vscode/extensions.json]
[INFO] [node-express-realworld-example-app] Extracting cached content payload context for artifact: [e2e/tsconfig.json]
[INFO] [node-express-realworld-example-app] Successfully tracked code profile mapping dictionary entry for artifact path: [e2e/tsconfig.json]
[INFO] [node-express-realworld-example-app] Extracting cached content payload context for artifact: [e2e/tsconfig.spec.json]
[INFO] [node-express-realworld-example-app] Successfully tracked code profile mapping dictionary entry for artifact path: [e2e/tsconfig.spec.json]
[INFO] [node-express-realworld-example-app] Extracting cached content payload context for artifact: [../article/article.model]
[ERROR] [node-express-realworld-example-app] Failed to acquire local content stream for asset reference [../article/article.model]: File not found in zip.
[INFO] [node-express-realworld-example-app] Extracting cached content payload context for artifact: [../article/comment.model]
[ERROR] [node-express-realworld-example-app] Failed to acquire local content stream for asset reference [../article/comment.model]: File not found in zip.
[INFO] [node-express-realworld-example-app] Extracting cached content payload context for artifact: [./author.mapper]
[ERROR] [node-express-realworld-example-app] Failed to acquire local content stream for asset reference [./author.mapper]: File not found in zip.
[INFO] [node-express-realworld-example-app] Extracting cached content payload context for artifact: [e2e/src/support/test-setup.ts]
[INFO] [node-express-realworld-example-app] Successfully tracked code profile mapping dictionary entry for artifact path: [e2e/src/support/test-setup.ts]
[INFO] [node-express-realworld-example-app] Extracting cached content payload context for artifact: [e2e/src/support/global-teardown.ts]
[INFO] [node-express-realworld-example-app] Successfully tracked code profile mapping dictionary entry for artifact path: [e2e/src/support/global-teardown.ts]
[INFO] [node-express-realworld-example-app] Extracting cached content payload context for artifact: [./tag.model]
[ERROR] [node-express-realworld-example-app] Failed to acquire local content stream for asset reference [./tag.model]: File not found in zip.
[INFO] Successfully populated 33 objects into tracking matrix structure for repository 'node-express-realworld-example-app'.
[INFO] 
================ PHASE 3: HIGH LEVEL RCA AGENT (PHASE-3) FILTERING ================
[INFO] --- Starting Chunking Process for Phase-3 Agent ---
[INFO] Chunking complete. Created 1 independent code payload chunks.
[INFO] [Phase-3 Thread 1] Zipping payload and triggering Workflow 18914 (Max 2 Iterations)...
[INFO] [Phase-3 Thread 1] --- Starting Iteration 1 ---
[INFO] [Phase-3 Thread 1] Triggered successfully! Execution ID: 2d52b8fc-b6bf-439a-9322-ba0807127e59. Starting poll...
[INFO] [Phase-3 Thread 1] Workflow SUCCESS! Parsing JSON output...
[INFO] [Phase-3 Thread 1] Iteration 1 parsed. Review Score: 72. Impacted files Count: 8
[WARNING] [Phase-3 Thread 1] Compliance failed (72 < 90). Feeding back to Agent...
[INFO] [Phase-3 Thread 1] --- Starting Iteration 2 ---
[INFO] [Phase-3 Thread 1] Triggered successfully! Execution ID: 675b8378-afb6-4ea2-9ed4-10d4266e4f42. Starting poll...
[INFO] [Phase-3 Thread 1] Workflow SUCCESS! Parsing JSON output...
[INFO] [Phase-3 Thread 1] Iteration 2 parsed. Review Score: 95. Impacted files Count: 13
[INFO] [Phase-3 Thread 1] More than 90% compliance reached on iteration 2. Exiting loop.
[INFO] [Phase-3] Thread 1 completed. Extracted 13 surviving paths with scores.
[INFO] Phase-3 Complete! Total completely unique surviving paths across all chunks: 13
[INFO] ================ APPLYING BM25 RANKING (Top 50, Trim: False) ================
[INFO] BM25 query: Authors want to save their articles as drafts before publishing them publicly

Implement a Draft feature for articles. Users should be able to save articles as drafts without publishing them.

The API needs a new database field to support this state, and the frontend needs a 'Save as Draft' button on the editor page.
[INFO] [react-redux-realworld-example-app] Preparing 6 files for BM25 scoring.
[INFO] [node-express-realworld-example-app] Preparing 5 files for BM25 scoring.
[INFO] BM25 corpus size: 11
[INFO] BM25 query tokens: ['authors', 'want', 'to', 'save', 'their', 'articles', 'as', 'drafts', 'before', 'publishing', 'them', 'publicly', 'implement', 'a', 'draft', 'feature', 'for', 'articles', 'users', 'should', 'be', 'able', 'to', 'save', 'articles', 'as', 'drafts', 'without', 'publishing', 'them', 'the', 'api', 'needs', 'a', 'new', 'database', 'field', 'to', 'support', 'this', 'state', 'and', 'the', 'frontend', 'needs', 'a', 'save', 'as', 'draft', 'button', 'on', 'the', 'editor', 'page']
[INFO] BM25 average document length: 330.73
[INFO] [BM25] Score: 20.2550 | Repo: node-express-realworld-example-app | File: src/app/routes/article/article.controller.ts
[INFO] [BM25] Relevance Score: 92 | Repo: node-express-realworld-example-app | File: src/app/routes/article/article.controller.ts
[INFO] [BM25] Score: 18.4022 | Repo: node-express-realworld-example-app | File: src/tests/services/article.service.test.ts
[INFO] [BM25] Relevance Score: 86 | Repo: node-express-realworld-example-app | File: src/tests/services/article.service.test.ts
[INFO] [BM25] Score: 16.9296 | Repo: react-redux-realworld-example-app | File: src/agent.js
[INFO] [BM25] Relevance Score: 89 | Repo: react-redux-realworld-example-app | File: src/agent.js
[INFO] [BM25] Score: 15.0968 | Repo: react-redux-realworld-example-app | File: src/components/Editor.js
[INFO] [BM25] Relevance Score: 99 | Repo: react-redux-realworld-example-app | File: src/components/Editor.js
[INFO] [BM25] Score: 13.7723 | Repo: node-express-realworld-example-app | File: src/app/routes/article/article.service.ts
[INFO] [BM25] Relevance Score: 100 | Repo: node-express-realworld-example-app | File: src/app/routes/article/article.service.ts
[INFO] [BM25] Score: 11.7633 | Repo: node-express-realworld-example-app | File: src/prisma/seed.ts
[INFO] [BM25] Relevance Score: 78 | Repo: node-express-realworld-example-app | File: src/prisma/seed.ts
[INFO] [BM25] Score: 11.1059 | Repo: react-redux-realworld-example-app | File: src/components/ArticlePreview.js
[INFO] [BM25] Relevance Score: 72 | Repo: react-redux-realworld-example-app | File: src/components/ArticlePreview.js
[INFO] [BM25] Score: 5.0662 | Repo: react-redux-realworld-example-app | File: src/reducers/editor.js
[INFO] [BM25] Relevance Score: 91 | Repo: react-redux-realworld-example-app | File: src/reducers/editor.js
[INFO] [BM25] Score: 3.0520 | Repo: react-redux-realworld-example-app | File: src/components/ArticleList.js
[INFO] [BM25] Relevance Score: 66 | Repo: react-redux-realworld-example-app | File: src/components/ArticleList.js
[INFO] [BM25] Score: 2.8469 | Repo: react-redux-realworld-example-app | File: src/reducers/common.js
[INFO] [BM25] Relevance Score: 82 | Repo: react-redux-realworld-example-app | File: src/reducers/common.js
[INFO] [BM25] Dropped zero-score file: repo=node-express-realworld-example-app path=src/app/routes/article/article.mapper.ts
[INFO] BM25 Ranking complete. Retained top 10 files out of 11.
[INFO] SUCCESS: Exported filtered impact components configuration (with BM25) to: C:\Users\komal.jayadeva\Downloads\code gen\rca\v21\filtered_multi_repo_code_impact_code_bm25.json
[INFO] 
--- Phase 4: Triggering Deep Level RCA at 50000 tokens (Horizontal Iter: 0) ---
[INFO] ================ Phase 4, Step 1: Re Organization (Target: 50000 tokens) ================
[INFO] Phase 4 Complete. Selected 10 files out of 10 total available across 2 repositories.
[INFO] ================ Phase 4, Step 2: DEEP LEVEL WF CALL (Workflow: 18926) ================
[INFO] [Phase-4] Triggered successfully! Execution ID: 55134c17-e0b2-47d5-aab7-2657b1dd90ad. Starting poll...
[INFO] [Phase-4] Workflow SUCCESS! Parsing JSON output...
[WARNING] Review Score (70 <= 90) and MISSING FILE indicated. Expanding token knapsack (Vertical).
[INFO] Rubric Scorecard: RUBRIC EVALUATION:

FC-01 (Requirement Fulfillment): PASS (0 points deducted) - The code implements draft functionality with a published boolean field in the database, filters published articles in queries, adds draft save/publish methods in the API layer, and includes a 'Save as Draft' button in the frontend Editor component.

FC-02 (Syntax Correctness): PASS (0 points deducted) - All code has valid syntax for TypeScript/JavaScript/Prisma. No syntax errors detected.

OP-01 (MODIFY Context): PASS (0 points deducted) - All existing_code snippets in MODIFY operations exactly match the original source files from the payload.

OP-02 (DEL Safety): NOT APPLICABLE (0 points deducted) - No DELETE operations present.

OP-03 (ADD Isolation): PASS (0 points deducted) - The ADD operation for the migration file is properly isolated and follows Prisma migration conventions.

CQ-01 (Error Handling): PASS (0 points deducted) - Database queries already wrapped in try-catch blocks at controller level. Service layer properly throws HttpException for error cases.

CQ-02 (Logging Standards): PASS (0 points deducted) - No complex new logic requiring additional logging beyond existing patterns.

CQ-03 (Naming Conventions): PASS (0 points deducted) - All variable and function names follow existing camelCase conventions (published, saveDraft, updateDraft, buildArticle).

SE-01 (No Hardcoded Secrets): PASS (0 points deducted) - No hardcoded passwords or API keys introduced.

SE-02 (Input Validation): FAIL (-15 points) - The published parameter in createArticle and updateArticle accepts external input without validation. While Boolean() coercion is applied, there is no explicit validation to ensure the value is a valid boolean type before processing. The API should validate that published is either true, false, or undefined.

TOTAL PENALTY: -15 points
[INFO] Review Feedback: CRITICAL ISSUES:

1. MISSING FILE REQUIRED: The article.mapper.ts file is not included in the code changes but is essential for the draft feature to work correctly. This mapper likely transforms the database article object (including the new 'published' field) into the API response format. Without modifying this mapper to include the 'published' field in the response, the frontend will not receive draft status information, breaking the feature's ability to distinguish between drafts and published articles. You MUST include modifications to node-express-realworld-example-app/src/app/routes/article/article.mapper.ts to expose the published field in API responses.

2. INPUT VALIDATION MISSING (SE-02 violation): The 'published' parameter in createArticle and updateArticle service methods accepts external input without proper validation. Add explicit validation to ensure 'published' is a boolean or undefined before processing:
   - In createArticle: Add validation like: if (published !== undefined && typeof published !== 'boolean') { throw new HttpException(422, { errors: { published: ['must be a boolean'] } }); }
   - In updateArticle: Apply the same validation pattern.

3. INCOMPLETE FRONTEND INTEGRATION: The Editor.js component now calls agent.Articles.publish() and agent.Articles.saveDraft(), but the original submitForm logic used agent.Articles.update() for existing articles and agent.Articles.create() for new ones. The new publish() method always sets published: true, which means editing an existing draft and clicking 'Publish Article' will work, but the distinction between 'update existing published article' vs 'publish a draft' is lost. Consider:
   - Tracking draft status in component state
   - Conditionally calling the appropriate method based on current article state
   - Providing visual feedback to users about draft vs published status

4. QUERY FILTERING LOGIC: The buildFindAllQuery adds 'queries.push({ published: true })' which correctly filters to only published articles. However, there's no mechanism for authors to view their own drafts. Consider adding:
   - A new endpoint or query parameter to fetch user's own drafts
   - Modify getArticles to allow authors to see their unpublished articles when authenticated

5. MIGRATION FILE NAMING: The migration file uses a future timestamp (20260702000000) which is unconventional. Prisma migrations should use actual timestamps when created. This may cause issues with migration ordering.

REQUIRED ACTIONS:
1. Add article.mapper.ts modifications to expose the 'published' field
2. Implement input validation for the 'published' parameter (SE-02 compliance)
3. Consider adding draft management endpoints/UI for authors to view and manage their drafts
4. Use proper timestamp for migration file name
[WARNING] Reviewer specifically requested missing files: ['node-express-realworld-example-app/src/app/routes/article/article.mapper.ts']
[INFO] Successfully injected missing file 'src/app/routes/article/article.mapper.ts' into repo 'node-express-realworld-example-app' payload.
[WARNING] Exhausted all token limits (150K). Picking best score.
[INFO] Final Deep Level RCA Report exported to: C:\Users\komal.jayadeva\Downloads\code gen\rca\v21\final_deep_rca_report.json
[INFO] ================ PHASE 5: AUTO-PATCHING & ARTIFACT UPLOAD ================
[INFO] --- Phase 5 - Step 1: Automated GitHub Patching ---
[INFO] --- [Phase 5] Processing Repository: react-redux-realworld-example-app ---
[INFO] Created blob for file: src/agent.js
[INFO] Created blob for file: src/components/Editor.js
