[INFO] ================ Starting Automation Pipeline Execution Lifecycle RCA_19_3 ================
[INFO] ================ PHASE 0: JIRA INTEGRATION ================
[INFO] Fetching issue HAP-1500 from https://aavaqe.atlassian.net...
[INFO] Detected Jira issue type 'Story'. Set INTENT to 'feature_flow'.
[INFO] Successfully fetched combined summary+description for HAP-1500 (406 chars).
[INFO] Dynamically populated QUERY from Jira HAP-1500 : Creating an article with an excessively long title causes the backend to crash and return a 500 error instead of a graceful validation message

Creating an article with a very long title causes a 500 Internal Server Error backend crash. The frontend form lacks character limit validation on the title input, and the backend API fails to catch the database length validation error gracefully to return a 422
[INFO] ================ PHASE 1: GLOBAL TOPOLOGY GENERATION ================
[INFO] --- [PHASE 1] Processing Repository: react-redux-realworld-example-app (Branch: master) ---
[INFO] Phase 1 - Step 1 [react-redux-realworld-example-app]: Fetching supported languages for repository SCpradhan/react-redux-realworld-example-app...
[INFO] [react-redux-realworld-example-app] Detected languages from GitHub: ['JavaScript', 'HTML']
[INFO] Phase 1 - Step 2 [react-redux-realworld-example-app]: Mapping language signatures to standard target extensions...
[INFO] [react-redux-realworld-example-app] Matched language [JavaScript] -> Registered extensions: ['.js', '.jsx', '.mjs', '.cjs']
[WARNING] [react-redux-realworld-example-app] Language [HTML] not present in standard target table. Discarding.
[INFO] [react-redux-realworld-example-app] Final targeting extension whitelist: ['.htm', '.xml', '.less', '.graphql', '.json', '.vue', '.js', '.svelte', '.tsx', '.prisma', '.sass', '.yaml', '.mjs', '.jsx', '.css', '.cjs', '.yml', '.html', '.astro', '.sql', '.gql', '.scss']
[INFO] [react-redux-realworld-example-app] Optimizing context pull: Downloading full repository zip archive...
[INFO] --- Phase 1 - Step 3 [react-redux-realworld-example-app]: Generating Language-Aware Intra-Repo Dependency Tree (Whitelisted Extensions Only) ---
[INFO]   [Whitelisted File Context] package.json ──► Links: ['src/agent.js']
[INFO]   [Whitelisted File Context] src/agent.js ──► Links: ['src/components/Login.js', 'src/reducers/profile.js', 'src/components/Register.js', 'src/reducers/article.js', 'src/components/Article/Comment.js', 'src/components/Profile.js']
[INFO]   [Whitelisted File Context] src/components/App.js ──► Links: ['src/store.js', '../agent', 'src/reducers/settings.js', 'src/reducers/editor.js', 'src/reducers/article.js', 'src/components/Editor.js', '../store', 'src/constants/actionTypes.js', '../components/Register', '../components/Login', '../constants/actionTypes', 'src/components/Login.js', 'src/agent.js', '../components/Article', './Header', '../components/Home', 'src/components/Settings.js', 'src/components/Profile.js', 'src/reducers/profile.js', '../components/Settings', 'src/components/Header.js', '../components/ProfileFavorites', 'src/components/ProfileFavorites.js', 'src/components/Register.js', '../components/Editor', '../components/Profile', 'src/reducers/common.js']
[INFO]   [Whitelisted File Context] src/components/Article/ArticleActions.js ──► Links: ['src/constants/actionTypes.js', '../../agent', 'src/agent.js', 'src/reducers/editor.js', 'src/reducers/article.js', '../../constants/actionTypes', 'src/components/Editor.js']
[INFO]   [Whitelisted File Context] src/components/Article/ArticleMeta.js ──► Links: ['src/components/Article/ArticleActions.js', './ArticleActions', 'src/reducers/article.js']
[INFO]   [Whitelisted File Context] src/components/Article/Comment.js ──► Links: ['src/components/Article/DeleteButton.js', './DeleteButton']
[INFO]   [Whitelisted File Context] src/components/Article/CommentContainer.js ──► Links: ['src/components/Login.js', 'src/components/Article/CommentInput.js', './CommentList', 'src/components/Article/CommentList.js', 'src/components/Register.js', 'src/reducers/article.js', './CommentInput', 'src/components/Article/Comment.js']
[INFO]   [Whitelisted File Context] src/components/Article/CommentInput.js ──► Links: ['src/constants/actionTypes.js', '../../agent', 'src/agent.js', '../../constants/actionTypes', 'src/components/Article/Comment.js']
[INFO]   [Whitelisted File Context] src/components/Article/CommentList.js ──► Links: ['src/components/Article/Comment.js', './Comment']
[INFO]   [Whitelisted File Context] src/components/Article/DeleteButton.js ──► Links: ['src/constants/actionTypes.js', '../../agent', 'src/agent.js', '../../constants/actionTypes', 'src/components/Article/Comment.js']
[INFO]   [Whitelisted File Context] src/components/Article/index.js ──► Links: ['src/constants/actionTypes.js', 'src/components/Article/CommentContainer.js', '../../agent', 'src/components/Home/Banner.js', './CommentContainer', 'src/agent.js', './ArticleMeta', 'src/reducers/article.js', 'src/components/Article/ArticleMeta.js', 'src/reducers/common.js', '../../constants/actionTypes', 'src/components/Article/Comment.js']
[INFO]   [Whitelisted File Context] src/components/ArticleList.js ──► Links: ['src/components/ListPagination.js', 'src/reducers/articleList.js', './ListPagination', 'src/reducers/article.js', './ArticlePreview', 'src/components/ArticlePreview.js']
[INFO]   [Whitelisted File Context] src/components/ArticlePreview.js ──► Links: ['src/constants/actionTypes.js', '../constants/actionTypes', '../agent', 'src/agent.js', 'src/reducers/article.js']
[INFO]   [Whitelisted File Context] src/components/Editor.js ──► Links: ['src/constants/actionTypes.js', '../constants/actionTypes', '../agent', 'src/agent.js', 'src/reducers/editor.js', 'src/reducers/article.js', './ListErrors', 'src/components/ListErrors.js']
[INFO]   [Whitelisted File Context] src/components/Header.js ──► Links: ['src/components/Login.js', 'src/components/Register.js', 'src/reducers/settings.js', 'src/reducers/editor.js', 'src/components/Settings.js', 'src/components/Editor.js']
[INFO]   [Whitelisted File Context] src/components/Home/MainView.js ──► Links: ['../ArticleList', 'src/constants/actionTypes.js', '../../agent', 'src/components/ArticleList.js', 'src/reducers/articleList.js', 'src/agent.js', 'src/reducers/article.js', 'src/reducers/common.js', '../../constants/actionTypes']
[INFO]   [Whitelisted File Context] src/components/Home/Tags.js ──► Links: ['src/agent.js', 'src/reducers/article.js', '../../agent']
[INFO]   [Whitelisted File Context] src/components/Home/index.js ──► Links: ['src/constants/actionTypes.js', '../../agent', 'src/components/Home/Banner.js', 'src/agent.js', './Banner', './MainView', 'src/reducers/article.js', './Tags', 'src/components/Home/MainView.js', 'src/reducers/common.js', '../../constants/actionTypes']
[INFO]   [Whitelisted File Context] src/components/ListPagination.js ──► Links: ['src/constants/actionTypes.js', '../constants/actionTypes', '../agent', 'src/agent.js', 'src/reducers/article.js']
[INFO]   [Whitelisted File Context] src/components/Login.js ──► Links: ['src/constants/actionTypes.js', '../constants/actionTypes', '../agent', 'src/agent.js', 'src/components/Register.js', './ListErrors', 'src/components/ListErrors.js']
[INFO]   [Whitelisted File Context] src/components/Profile.js ──► Links: ['src/constants/actionTypes.js', 'src/reducers/profile.js', '../constants/actionTypes', 'src/components/ArticleList.js', '../agent', './ArticleList', 'src/agent.js', 'src/reducers/articleList.js', 'src/reducers/settings.js', 'src/reducers/article.js', 'src/reducers/common.js', 'src/components/Settings.js']
[INFO]   [Whitelisted File Context] src/components/ProfileFavorites.js ──► Links: ['src/constants/actionTypes.js', 'src/reducers/profile.js', '../constants/actionTypes', '../agent', 'src/agent.js', 'src/reducers/article.js', './Profile', 'src/components/Profile.js']
[INFO]   [Whitelisted File Context] src/components/Register.js ──► Links: ['src/constants/actionTypes.js', 'src/components/Login.js', '../constants/actionTypes', '../agent', 'src/agent.js', './ListErrors', 'src/components/ListErrors.js']
[INFO]   [Whitelisted File Context] src/components/Settings.js ──► Links: ['src/components/Profile.js', 'src/constants/actionTypes.js', 'src/reducers/profile.js', '../constants/actionTypes', '../agent', 'src/agent.js', 'src/reducers/settings.js', './ListErrors', 'src/reducers/common.js', 'src/components/ListErrors.js']
[INFO]   [Whitelisted File Context] src/constants/actionTypes.js ──► Links: ['src/components/Login.js', 'src/reducers/profile.js', 'src/components/Register.js', 'src/reducers/settings.js', 'src/reducers/editor.js', 'src/reducers/article.js', 'src/components/Settings.js', 'src/components/Editor.js', 'src/components/Article/Comment.js', 'src/components/Profile.js']
[INFO]   [Whitelisted File Context] src/index.js ──► Links: ['./components/App', 'src/store.js', './store']
[INFO]   [Whitelisted File Context] src/middleware.js ──► Links: ['./agent', 'src/constants/actionTypes.js', 'src/components/Login.js', 'src/store.js', 'src/agent.js', 'src/components/Register.js', './constants/actionTypes']
[INFO]   [Whitelisted File Context] src/reducer.js ──► Links: ['./reducers/article', './reducers/home', './reducers/editor', 'src/reducers/settings.js', 'src/reducers/editor.js', 'src/reducers/article.js', 'src/components/Editor.js', './reducers/auth', 'src/components/ArticleList.js', 'src/components/Settings.js', 'src/components/Profile.js', 'src/reducers/profile.js', './reducers/articleList', './reducers/common', './reducers/settings', 'src/reducers/articleList.js', './reducers/profile', 'src/reducers/common.js']
[INFO]   [Whitelisted File Context] src/reducers/article.js ──► Links: ['src/constants/actionTypes.js', '../constants/actionTypes', 'src/components/Article/Comment.js']
[INFO]   [Whitelisted File Context] src/reducers/articleList.js ──► Links: ['src/constants/actionTypes.js', 'src/reducers/profile.js', '../constants/actionTypes', 'src/reducers/article.js', 'src/components/Profile.js']
[INFO]   [Whitelisted File Context] src/reducers/auth.js ──► Links: ['src/constants/actionTypes.js', 'src/components/Login.js', 'src/components/Register.js', '../constants/actionTypes']
[INFO]   [Whitelisted File Context] src/reducers/common.js ──► Links: ['src/constants/actionTypes.js', 'src/components/Login.js', 'src/reducers/profile.js', '../constants/actionTypes', 'src/components/Register.js', 'src/reducers/settings.js', 'src/reducers/editor.js', 'src/reducers/article.js', 'src/components/Settings.js', 'src/components/Editor.js', 'src/components/Profile.js']
[INFO]   [Whitelisted File Context] src/reducers/editor.js ──► Links: ['src/constants/actionTypes.js', 'src/reducers/article.js', '../constants/actionTypes', 'src/components/Editor.js']
[INFO]   [Whitelisted File Context] src/reducers/home.js ──► Links: ['src/constants/actionTypes.js', '../constants/actionTypes']
[INFO]   [Whitelisted File Context] src/reducers/profile.js ──► Links: ['src/constants/actionTypes.js', '../constants/actionTypes', 'src/components/Profile.js']
[INFO]   [Whitelisted File Context] src/reducers/settings.js ──► Links: ['src/constants/actionTypes.js', '../constants/actionTypes', 'src/components/Settings.js']
[INFO]   [Whitelisted File Context] src/store.js ──► Links: ['redux-devtools-extension/developmentOnly', 'src/reducer.js', 'history/createBrowserHistory', './middleware', 'src/middleware.js', './reducer']
[INFO] SUCCESS: Exported Whitelisted Intra-Repo dependency map to: C:\Users\sushree.pradhan\OneDrive - ascendion\AAVA\code gen\rca\v22\intra_repo_dep_tree_react-redux-realworld-example-app.json
[INFO] --- [PHASE 1] Processing Repository: node-express-realworld-example-app (Branch: master) ---
[INFO] Phase 1 - Step 1 [node-express-realworld-example-app]: Fetching supported languages for repository SCpradhan/node-express-realworld-example-app...
[INFO] [node-express-realworld-example-app] Detected languages from GitHub: ['TypeScript', 'Dockerfile', 'JavaScript']
[INFO] Phase 1 - Step 2 [node-express-realworld-example-app]: Mapping language signatures to standard target extensions...
[INFO] [node-express-realworld-example-app] Matched language [TypeScript] -> Registered extensions: ['.ts', '.tsx']
[WARNING] [node-express-realworld-example-app] Language [Dockerfile] not present in standard target table. Discarding.
[INFO] [node-express-realworld-example-app] Matched language [JavaScript] -> Registered extensions: ['.js', '.jsx', '.mjs', '.cjs']
[INFO] [node-express-realworld-example-app] Final targeting extension whitelist: ['.htm', '.ts', '.xml', '.less', '.graphql', '.json', '.vue', '.js', '.svelte', '.tsx', '.prisma', '.sass', '.yaml', '.mjs', '.jsx', '.css', '.cjs', '.yml', '.html', '.astro', '.sql', '.gql', '.scss']
[INFO] [node-express-realworld-example-app] Optimizing context pull: Downloading full repository zip archive...
[INFO] --- Phase 1 - Step 3 [node-express-realworld-example-app]: Generating Language-Aware Intra-Repo Dependency Tree (Whitelisted Extensions Only) ---
[INFO]   [Whitelisted File Context] e2e/jest.config.ts ──► Links: ['e2e/tsconfig.json', 'e2e/src/support/global-setup.ts', '.vscode/extensions.json', 'e2e/src/support/test-setup.ts', 'e2e/src/support/global-teardown.ts', 'e2e/tsconfig.spec.json']
[INFO]   [Whitelisted File Context] e2e/project.json ──► Links: ['src/prisma/schema.prisma']
[INFO]   [Whitelisted File Context] e2e/tsconfig.json ──► Links: ['e2e/tsconfig.spec.json']
[INFO]   [Whitelisted File Context] e2e/tsconfig.spec.json ──► Links: ['e2e/tsconfig.json']
[INFO]   [Whitelisted File Context] jest.config.ts ──► Links: ['e2e/tsconfig.json', '.vscode/extensions.json', 'e2e/tsconfig.spec.json']
[INFO]   [Whitelisted File Context] nx.json ──► Links: ['e2e/tsconfig.json', 'src/prisma/schema.prisma', 'e2e/project.json', 'e2e/src/support/test-setup.ts', 'e2e/tsconfig.spec.json']
[INFO]   [Whitelisted File Context] package-lock.json ──► Links: ['e2e/src/server/server.spec.ts', 'e2e/tsconfig.json', 'src/prisma/schema.prisma', 'src/app/routes/article/comment.model.ts', 'e2e/project.json', 'src/app/routes/auth/token.utils.ts', 'e2e/tsconfig.spec.json']
[INFO]   [Whitelisted File Context] package.json ──► Links: ['src/prisma/schema.prisma', 'src/app/routes/auth/token.utils.ts']
[INFO]   [Whitelisted File Context] project.json ──► Links: ['e2e/tsconfig.json', 'src/prisma/schema.prisma', 'e2e/project.json', 'e2e/tsconfig.spec.json']
[INFO]   [Whitelisted File Context] src/app/routes/article/article.controller.ts ──► Links: ['src/app/routes/article/article.model.ts', './article.service', '../auth/auth', 'src/app/routes/article/author.mapper.ts', 'src/app/routes/article/article.service.ts', 'src/app/routes/article/comment.model.ts', 'src/app/routes/article/article.mapper.ts', 'src/tests/services/article.service.test.ts']
[INFO]   [Whitelisted File Context] src/app/routes/article/article.mapper.ts ──► Links: ['src/app/routes/article/article.model.ts', 'src/app/routes/article/author.mapper.ts', './author.mapper', 'src/app/routes/article/article.service.ts', 'src/app/routes/article/article.controller.ts', 'src/tests/services/article.service.test.ts']
[INFO]   [Whitelisted File Context] src/app/routes/article/article.model.ts ──► Links: ['./comment.model', 'src/app/routes/article/article.service.ts', 'src/app/routes/article/article.controller.ts', 'src/app/routes/article/comment.model.ts', 'src/app/routes/article/article.mapper.ts', 'src/tests/services/article.service.test.ts']
[INFO]   [Whitelisted File Context] src/app/routes/article/article.service.ts ──► Links: ['src/app/routes/article/article.model.ts', 'src/app/routes/article/author.mapper.ts', 'src/prisma/prisma-client.ts', '../profile/profile.utils', 'src/app/routes/article/comment.model.ts', './article.mapper', 'src/app/routes/article/article.controller.ts', 'src/app/routes/article/article.mapper.ts', '../tag/tag.model', 'src/app/routes/profile/profile.utils.ts', 'src/app/routes/profile/profile.service.ts', '../../../prisma/prisma-client', 'src/app/routes/profile/profile.controller.ts', '../../models/http-exception.model', 'src/tests/services/profile.service.test.ts', 'src/app/models/http-exception.model.ts', 'src/app/routes/profile/profile.model.ts', 'src/tests/services/article.service.test.ts', 'src/tests/utils/profile.utils.test.ts']
[INFO]   [Whitelisted File Context] src/app/routes/article/author.mapper.ts ──► Links: ['../auth/user.model']
[INFO]   [Whitelisted File Context] src/app/routes/article/comment.model.ts ──► Links: ['src/app/routes/article/article.model.ts', './article.model', 'src/app/routes/article/article.service.ts', 'src/app/routes/article/article.controller.ts', 'src/app/routes/article/article.mapper.ts', 'src/tests/services/article.service.test.ts']
[INFO]   [Whitelisted File Context] src/app/routes/auth/auth.controller.ts ──► Links: ['./auth.service', './auth']
[INFO]   [Whitelisted File Context] src/app/routes/auth/auth.service.ts ──► Links: ['../../../prisma/prisma-client', 'src/app/routes/auth/registered-user.model.ts', 'src/prisma/prisma-client.ts', './token.utils', './user.model', 'src/app/models/http-exception.model.ts', '../../models/http-exception.model', 'src/app/routes/auth/register-input.model.ts', 'src/app/routes/auth/token.utils.ts', './registered-user.model', './register-input.model']
[INFO]   [Whitelisted File Context] src/app/routes/auth/auth.ts ──► Links: ['src/app/routes/auth/token.utils.ts', 'src/app/routes/article/author.mapper.ts']
[INFO]   [Whitelisted File Context] src/app/routes/auth/registered-user.model.ts ──► Links: ['src/app/routes/auth/token.utils.ts']
[INFO]   [Whitelisted File Context] src/app/routes/auth/user.model.ts ──► Links: ['src/app/routes/article/article.model.ts', '../article/article.model', 'src/app/routes/article/article.service.ts', 'src/app/routes/article/article.controller.ts', '../article/comment.model', 'src/app/routes/article/comment.model.ts', 'src/app/routes/article/article.mapper.ts', 'src/tests/services/article.service.test.ts']
[INFO]   [Whitelisted File Context] src/app/routes/profile/profile.controller.ts ──► Links: ['src/tests/services/profile.service.test.ts', '../auth/auth', 'src/app/routes/profile/profile.model.ts', 'src/app/routes/profile/profile.utils.ts', 'src/app/routes/profile/profile.service.ts', 'src/tests/utils/profile.utils.test.ts', './profile.service']
[INFO]   [Whitelisted File Context] src/app/routes/profile/profile.model.ts ──► Links: ['src/app/routes/profile/profile.controller.ts', 'src/tests/services/profile.service.test.ts', 'src/app/routes/profile/profile.utils.ts', 'src/tests/utils/profile.utils.test.ts', 'src/app/routes/profile/profile.service.ts']
[INFO]   [Whitelisted File Context] src/app/routes/profile/profile.service.ts ──► Links: ['../../../prisma/prisma-client', 'src/app/routes/profile/profile.controller.ts', 'src/tests/services/profile.service.test.ts', 'src/prisma/prisma-client.ts', 'src/app/models/http-exception.model.ts', 'src/app/routes/profile/profile.model.ts', '../../models/http-exception.model', 'src/app/routes/profile/profile.utils.ts', 'src/tests/utils/profile.utils.test.ts', './profile.utils']
[INFO]   [Whitelisted File Context] src/app/routes/profile/profile.utils.ts ──► Links: ['src/app/routes/profile/profile.controller.ts', 'src/tests/services/profile.service.test.ts', '../auth/user.model', 'src/app/routes/profile/profile.model.ts', './profile.model', 'src/tests/utils/profile.utils.test.ts', 'src/app/routes/profile/profile.service.ts']
[INFO]   [Whitelisted File Context] src/app/routes/routes.ts ──► Links: ['src/app/routes/article/article.model.ts', 'src/app/routes/article/article.mapper.ts', 'src/app/routes/profile/profile.controller.ts', 'src/tests/services/profile.service.test.ts', './article/article.controller', './profile/profile.controller', 'src/app/routes/profile/profile.model.ts', './tag/tag.controller', 'src/app/routes/article/article.controller.ts', 'src/app/routes/article/article.service.ts', './auth/auth.controller', 'src/app/routes/profile/profile.utils.ts', 'src/tests/services/article.service.test.ts', 'src/tests/utils/profile.utils.test.ts', 'src/app/routes/profile/profile.service.ts']
[INFO]   [Whitelisted File Context] src/app/routes/tag/tag.controller.ts ──► Links: ['../auth/auth', './tag.service']
[INFO]   [Whitelisted File Context] src/app/routes/tag/tag.service.ts ──► Links: ['../../../prisma/prisma-client', 'src/app/routes/article/article.model.ts', 'src/app/routes/article/author.mapper.ts', 'src/prisma/prisma-client.ts', 'src/app/routes/article/article.service.ts', 'src/app/routes/article/article.controller.ts', './tag.model', 'src/app/routes/article/article.mapper.ts', 'src/tests/services/article.service.test.ts']
[INFO]   [Whitelisted File Context] src/main.ts ──► Links: ['e2e/src/server/server.spec.ts', 'src/app/routes/article/author.mapper.ts', 'src/app/models/http-exception.model.ts', 'src/app/routes/routes.ts', './app/routes/routes', './app/models/http-exception.model']
[INFO]   [Whitelisted File Context] src/prisma/migrations/20210924225358_initial/migration.sql ──► Links: ['src/app/routes/article/article.model.ts', 'src/app/routes/article/author.mapper.ts', 'src/app/routes/article/article.service.ts', 'src/app/routes/article/article.controller.ts', 'src/app/routes/article/comment.model.ts', 'src/app/routes/article/article.mapper.ts', 'src/tests/services/article.service.test.ts']
[INFO]   [Whitelisted File Context] src/prisma/migrations/20211001143221_implicit_tags/migration.sql ──► Links: ['src/app/routes/article/article.model.ts', 'src/app/routes/article/article.service.ts', 'src/app/routes/article/article.controller.ts', 'src/app/routes/article/article.mapper.ts', 'src/tests/services/article.service.test.ts']
[INFO]   [Whitelisted File Context] src/prisma/migrations/20211221184529_deprecated_preview/migration.sql ──► Links: ['src/app/routes/article/article.model.ts', 'src/app/routes/article/article.service.ts', 'src/app/routes/article/article.controller.ts', 'src/app/routes/article/article.mapper.ts', 'src/tests/services/article.service.test.ts']
[INFO]   [Whitelisted File Context] src/prisma/prisma-client.ts ──► Links: ['@prisma/client']
[INFO]   [Whitelisted File Context] src/prisma/schema.prisma ──► Links: ['src/app/routes/article/article.model.ts', 'src/app/routes/article/author.mapper.ts', 'src/prisma/prisma-client.ts', 'src/app/routes/article/article.service.ts', 'src/app/routes/article/article.controller.ts', 'src/app/routes/article/comment.model.ts', 'src/app/routes/article/article.mapper.ts', 'src/tests/services/article.service.test.ts']
[INFO]   [Whitelisted File Context] src/prisma/seed.ts ──► Links: ['src/app/routes/article/article.model.ts', '@prisma/client', '../app/routes/article/article.service', 'src/app/routes/auth/registered-user.model.ts', '@ngneat/falso', '../app/routes/auth/auth.service', 'src/app/routes/article/article.service.ts', 'src/app/routes/article/article.controller.ts', 'src/app/routes/routes.ts', 'src/app/routes/article/comment.model.ts', 'src/app/routes/article/article.mapper.ts', 'src/tests/services/article.service.test.ts', '../app/routes/auth/registered-user.model']
[INFO]   [Whitelisted File Context] src/tests/prisma-mock.ts ──► Links: ['../prisma/prisma-client', '@prisma/client', 'src/prisma/prisma-client.ts']
[INFO]   [Whitelisted File Context] src/tests/services/article.service.test.ts ──► Links: ['src/app/routes/article/article.model.ts', 'src/app/routes/article/author.mapper.ts', 'src/tests/prisma-mock.ts', 'src/app/routes/article/article.service.ts', 'src/app/routes/article/article.controller.ts', 'src/app/routes/auth/token.utils.ts', 'src/app/routes/routes.ts', 'src/app/routes/article/comment.model.ts', '../prisma-mock', 'src/app/routes/article/article.mapper.ts', '../../app/routes/article/article.service']
[INFO]   [Whitelisted File Context] src/tests/services/auth.service.test.ts ──► Links: ['../../app/routes/auth/auth.service', 'src/tests/prisma-mock.ts', 'src/app/routes/auth/token.utils.ts', 'src/app/routes/routes.ts', '../prisma-mock']
[INFO]   [Whitelisted File Context] src/tests/services/profile.service.test.ts ──► Links: ['src/app/routes/profile/profile.controller.ts', 'src/tests/prisma-mock.ts', 'src/app/routes/profile/profile.model.ts', '../../app/routes/profile/profile.service', 'src/app/routes/routes.ts', '../prisma-mock', 'src/app/routes/auth/token.utils.ts', 'src/app/routes/profile/profile.utils.ts', 'src/tests/utils/profile.utils.test.ts', 'src/app/routes/profile/profile.service.ts']
[INFO]   [Whitelisted File Context] src/tests/utils/profile.utils.test.ts ──► Links: ['src/app/routes/profile/profile.controller.ts', '../../app/routes/profile/profile.utils', 'src/tests/services/profile.service.test.ts', 'src/app/routes/profile/profile.model.ts', 'src/app/routes/routes.ts', 'src/app/routes/profile/profile.utils.ts', 'src/app/routes/profile/profile.service.ts']
[INFO]   [Whitelisted File Context] tsconfig.app.json ──► Links: ['e2e/tsconfig.json', 'e2e/tsconfig.spec.json']
[INFO]   [Whitelisted File Context] tsconfig.json ──► Links: ['e2e/tsconfig.json', 'e2e/tsconfig.spec.json']
[INFO]   [Whitelisted File Context] tsconfig.spec.json ──► Links: ['e2e/tsconfig.json', 'e2e/tsconfig.spec.json']
[INFO] SUCCESS: Exported Whitelisted Intra-Repo dependency map to: C:\Users\sushree.pradhan\OneDrive - ascendion\AAVA\code gen\rca\v22\intra_repo_dep_tree_node-express-realworld-example-app.json
[INFO] 
---Phase 1 - Step 4 ====== Generating Global Cross-Repo Dependency Tree ================
[INFO] [Repository Axis] react-redux-realworld-example-app ──► References Workspace Targets: []
[INFO] [Repository Axis] node-express-realworld-example-app ──► References Workspace Targets: []
[INFO] SUCCESS: Exported Inter-Repo topology tracking map to: C:\Users\sushree.pradhan\OneDrive - ascendion\AAVA\code gen\rca\v22\inter_repo_dep_tree.json
[INFO] ================ PHASE 2: SEARCH, EXPAND & EXTRACT ================
[INFO] --- [PHASE 2] Processing Repository: react-redux-realworld-example-app (Branch: master) ---
[INFO] Phase 2 - Step 1 [react-redux-realworld-example-app]: Sending request to AAVA Search Endpoint (Attempt 1/3)...
[INFO] [react-redux-realworld-example-app] Successfully retrieved structural payload with 44 records from search.
[INFO] Phase 2 - Step 2 [react-redux-realworld-example-app]: Evaluating structural records against similarity boundaries (>= 0.01)...
[INFO] [react-redux-realworld-example-app] Accepted path [Similarity: 10.0271]: src/components/Article/index.js
[INFO] [react-redux-realworld-example-app] Accepted path [Similarity: 10.0201]: src/components/ListErrors.js
[INFO] [react-redux-realworld-example-app] Accepted path [Similarity: 10.0120]: src/components/ArticleList.js
[INFO] [react-redux-realworld-example-app] Accepted path [Similarity: 10.0020]: src/reducers/editor.js
[INFO] [react-redux-realworld-example-app] Accepted path [Similarity: 0.0299]: src/components/Home/MainView.js
[INFO] [react-redux-realworld-example-app] Accepted path [Similarity: 0.0297]: src/reducers/article.js
[INFO] [react-redux-realworld-example-app] Accepted path [Similarity: 0.0273]: src/middleware.js
[INFO] [react-redux-realworld-example-app] Accepted path [Similarity: 0.0272]: src/components/ArticlePreview.js
[INFO] [react-redux-realworld-example-app] Accepted path [Similarity: 0.0271]: src/components/Article/ArticleMeta.js
[INFO] [react-redux-realworld-example-app] Accepted path [Similarity: 0.0269]: src/reducers/settings.js
[INFO] [react-redux-realworld-example-app] Accepted path [Similarity: 0.0268]: src/components/Home/Tags.js
[INFO] [react-redux-realworld-example-app] Accepted path [Similarity: 0.0260]: src/components/Article/ArticleActions.js
[INFO] [react-redux-realworld-example-app] Accepted path [Similarity: 0.0260]: src/reducers/common.js
[INFO] [react-redux-realworld-example-app] Accepted path [Similarity: 0.0257]: src/reducers/articleList.js
[INFO] [react-redux-realworld-example-app] Accepted path [Similarity: 0.0255]: src/components/ListPagination.js
[INFO] [react-redux-realworld-example-app] Accepted path [Similarity: 0.0241]: src/reducers/auth.js
[INFO] [react-redux-realworld-example-app] Accepted path [Similarity: 0.0240]: src/components/Editor.js
[INFO] [react-redux-realworld-example-app] Accepted path [Similarity: 0.0239]: src/components/Profile.js
[INFO] [react-redux-realworld-example-app] Accepted path [Similarity: 0.0236]: src/reducer.js
[INFO] [react-redux-realworld-example-app] Accepted path [Similarity: 0.0232]: src/components/Article/CommentContainer.js
[INFO] [react-redux-realworld-example-app] Extracted 20 completely unique candidate filepath locations.
[INFO] Phase 2 - Step 3 [react-redux-realworld-example-app]: Filtering paths matching targeting extension whitelist...
[INFO] [react-redux-realworld-example-app] Retained path allocation target matching runtime criteria: [src/components/Article/index.js]
[INFO] [react-redux-realworld-example-app] Retained path allocation target matching runtime criteria: [src/components/ListErrors.js]
[INFO] [react-redux-realworld-example-app] Retained path allocation target matching runtime criteria: [src/components/ArticleList.js]
[INFO] [react-redux-realworld-example-app] Retained path allocation target matching runtime criteria: [src/reducers/editor.js]
[INFO] [react-redux-realworld-example-app] Retained path allocation target matching runtime criteria: [src/components/Home/MainView.js]
[INFO] [react-redux-realworld-example-app] Retained path allocation target matching runtime criteria: [src/reducers/article.js]
[INFO] [react-redux-realworld-example-app] Retained path allocation target matching runtime criteria: [src/middleware.js]
[INFO] [react-redux-realworld-example-app] Retained path allocation target matching runtime criteria: [src/components/ArticlePreview.js]
[INFO] [react-redux-realworld-example-app] Retained path allocation target matching runtime criteria: [src/components/Article/ArticleMeta.js]
[INFO] [react-redux-realworld-example-app] Retained path allocation target matching runtime criteria: [src/reducers/settings.js]
[INFO] [react-redux-realworld-example-app] Retained path allocation target matching runtime criteria: [src/components/Home/Tags.js]
[INFO] [react-redux-realworld-example-app] Retained path allocation target matching runtime criteria: [src/components/Article/ArticleActions.js]
[INFO] [react-redux-realworld-example-app] Retained path allocation target matching runtime criteria: [src/reducers/common.js]
[INFO] [react-redux-realworld-example-app] Retained path allocation target matching runtime criteria: [src/reducers/articleList.js]
[INFO] [react-redux-realworld-example-app] Retained path allocation target matching runtime criteria: [src/components/ListPagination.js]
[INFO] [react-redux-realworld-example-app] Retained path allocation target matching runtime criteria: [src/reducers/auth.js]
[INFO] [react-redux-realworld-example-app] Retained path allocation target matching runtime criteria: [src/components/Editor.js]
[INFO] [react-redux-realworld-example-app] Retained path allocation target matching runtime criteria: [src/components/Profile.js]
[INFO] [react-redux-realworld-example-app] Retained path allocation target matching runtime criteria: [src/reducer.js]
[INFO] [react-redux-realworld-example-app] Retained path allocation target matching runtime criteria: [src/components/Article/CommentContainer.js]
[INFO] Phase 2 - Step 3 Completed [react-redux-realworld-example-app]: Consolidated 20 paths for source code payload downstream consumption.
[INFO] --- Phase 2 - Step 4 [Expansion]: Looking up dependencies for 'react-redux-realworld-example-app' ---
[INFO] [react-redux-realworld-example-app] Expanding [src/components/Article/index.js] with 12 intra-repo dependencies.
[INFO] [react-redux-realworld-example-app] Expanding [src/components/ArticleList.js] with 6 intra-repo dependencies.
[INFO] [react-redux-realworld-example-app] Expanding [src/reducers/editor.js] with 4 intra-repo dependencies.
[INFO] [react-redux-realworld-example-app] Expanding [src/components/Home/MainView.js] with 9 intra-repo dependencies.
[INFO] [react-redux-realworld-example-app] Expanding [src/reducers/article.js] with 3 intra-repo dependencies.
[INFO] [react-redux-realworld-example-app] Expanding [src/middleware.js] with 7 intra-repo dependencies.
[INFO] [react-redux-realworld-example-app] Expanding [src/components/ArticlePreview.js] with 5 intra-repo dependencies.
[INFO] [react-redux-realworld-example-app] Expanding [src/components/Article/ArticleMeta.js] with 3 intra-repo dependencies.
[INFO] [react-redux-realworld-example-app] Expanding [src/reducers/settings.js] with 3 intra-repo dependencies.
[INFO] [react-redux-realworld-example-app] Expanding [src/components/Home/Tags.js] with 3 intra-repo dependencies.
[INFO] [react-redux-realworld-example-app] Expanding [src/components/Article/ArticleActions.js] with 7 intra-repo dependencies.
[INFO] [react-redux-realworld-example-app] Expanding [src/reducers/common.js] with 11 intra-repo dependencies.
[INFO] [react-redux-realworld-example-app] Expanding [src/reducers/articleList.js] with 5 intra-repo dependencies.
[INFO] [react-redux-realworld-example-app] Expanding [src/components/ListPagination.js] with 5 intra-repo dependencies.
[INFO] [react-redux-realworld-example-app] Expanding [src/reducers/auth.js] with 4 intra-repo dependencies.
[INFO] [react-redux-realworld-example-app] Expanding [src/components/Editor.js] with 8 intra-repo dependencies.
[INFO] [react-redux-realworld-example-app] Expanding [src/components/Profile.js] with 12 intra-repo dependencies.
[INFO] [react-redux-realworld-example-app] Expanding [src/reducer.js] with 18 intra-repo dependencies.
[INFO] [react-redux-realworld-example-app] Expanding [src/components/Article/CommentContainer.js] with 8 intra-repo dependencies.
[INFO] [react-redux-realworld-example-app] Final expanded file count to fetch: 55 (Original Search matches: 20)
[INFO] Phase 2 - Step 5 [react-redux-realworld-example-app]: Beginning local extraction of source file content payloads from memory zip cache...
[INFO] [react-redux-realworld-example-app] Extracting cached content payload context for artifact: [src/components/Article/index.js]
[INFO] [react-redux-realworld-example-app] Successfully tracked code profile mapping dictionary entry for artifact path: [src/components/Article/index.js]
[INFO] [react-redux-realworld-example-app] Extracting cached content payload context for artifact: [src/components/ListErrors.js]
[INFO] [react-redux-realworld-example-app] Successfully tracked code profile mapping dictionary entry for artifact path: [src/components/ListErrors.js]
[INFO] [react-redux-realworld-example-app] Extracting cached content payload context for artifact: [src/components/ArticleList.js]
[INFO] [react-redux-realworld-example-app] Successfully tracked code profile mapping dictionary entry for artifact path: [src/components/ArticleList.js]
[INFO] [react-redux-realworld-example-app] Extracting cached content payload context for artifact: [src/reducers/editor.js]
[INFO] [react-redux-realworld-example-app] Successfully tracked code profile mapping dictionary entry for artifact path: [src/reducers/editor.js]
[INFO] [react-redux-realworld-example-app] Extracting cached content payload context for artifact: [src/components/Home/MainView.js]
[INFO] [react-redux-realworld-example-app] Successfully tracked code profile mapping dictionary entry for artifact path: [src/components/Home/MainView.js]
[INFO] [react-redux-realworld-example-app] Extracting cached content payload context for artifact: [src/reducers/article.js]
[INFO] [react-redux-realworld-example-app] Successfully tracked code profile mapping dictionary entry for artifact path: [src/reducers/article.js]
[INFO] [react-redux-realworld-example-app] Extracting cached content payload context for artifact: [src/middleware.js]
[INFO] [react-redux-realworld-example-app] Successfully tracked code profile mapping dictionary entry for artifact path: [src/middleware.js]
[INFO] [react-redux-realworld-example-app] Extracting cached content payload context for artifact: [src/components/ArticlePreview.js]
[INFO] [react-redux-realworld-example-app] Successfully tracked code profile mapping dictionary entry for artifact path: [src/components/ArticlePreview.js]
[INFO] [react-redux-realworld-example-app] Extracting cached content payload context for artifact: [src/components/Article/ArticleMeta.js]
[INFO] [react-redux-realworld-example-app] Successfully tracked code profile mapping dictionary entry for artifact path: [src/components/Article/ArticleMeta.js]
[INFO] [react-redux-realworld-example-app] Extracting cached content payload context for artifact: [src/reducers/settings.js]
[INFO] [react-redux-realworld-example-app] Successfully tracked code profile mapping dictionary entry for artifact path: [src/reducers/settings.js]
[INFO] [react-redux-realworld-example-app] Extracting cached content payload context for artifact: [src/components/Home/Tags.js]
[INFO] [react-redux-realworld-example-app] Successfully tracked code profile mapping dictionary entry for artifact path: [src/components/Home/Tags.js]
[INFO] [react-redux-realworld-example-app] Extracting cached content payload context for artifact: [src/components/Article/ArticleActions.js]
[INFO] [react-redux-realworld-example-app] Successfully tracked code profile mapping dictionary entry for artifact path: [src/components/Article/ArticleActions.js]
[INFO] [react-redux-realworld-example-app] Extracting cached content payload context for artifact: [src/reducers/common.js]
[INFO] [react-redux-realworld-example-app] Successfully tracked code profile mapping dictionary entry for artifact path: [src/reducers/common.js]
[INFO] [react-redux-realworld-example-app] Extracting cached content payload context for artifact: [src/reducers/articleList.js]
[INFO] [react-redux-realworld-example-app] Successfully tracked code profile mapping dictionary entry for artifact path: [src/reducers/articleList.js]
[INFO] [react-redux-realworld-example-app] Extracting cached content payload context for artifact: [src/components/ListPagination.js]
[INFO] [react-redux-realworld-example-app] Successfully tracked code profile mapping dictionary entry for artifact path: [src/components/ListPagination.js]
[INFO] [react-redux-realworld-example-app] Extracting cached content payload context for artifact: [src/reducers/auth.js]
[INFO] [react-redux-realworld-example-app] Successfully tracked code profile mapping dictionary entry for artifact path: [src/reducers/auth.js]
[INFO] [react-redux-realworld-example-app] Extracting cached content payload context for artifact: [src/components/Editor.js]
[INFO] [react-redux-realworld-example-app] Successfully tracked code profile mapping dictionary entry for artifact path: [src/components/Editor.js]
[INFO] [react-redux-realworld-example-app] Extracting cached content payload context for artifact: [src/components/Profile.js]
[INFO] [react-redux-realworld-example-app] Successfully tracked code profile mapping dictionary entry for artifact path: [src/components/Profile.js]
[INFO] [react-redux-realworld-example-app] Extracting cached content payload context for artifact: [src/reducer.js]
[INFO] [react-redux-realworld-example-app] Successfully tracked code profile mapping dictionary entry for artifact path: [src/reducer.js]
[INFO] [react-redux-realworld-example-app] Extracting cached content payload context for artifact: [src/components/Article/CommentContainer.js]
[INFO] [react-redux-realworld-example-app] Successfully tracked code profile mapping dictionary entry for artifact path: [src/components/Article/CommentContainer.js]
[INFO] [react-redux-realworld-example-app] Extracting cached content payload context for artifact: [src/constants/actionTypes.js]
[INFO] [react-redux-realworld-example-app] Successfully tracked code profile mapping dictionary entry for artifact path: [src/constants/actionTypes.js]
[INFO] [react-redux-realworld-example-app] Extracting cached content payload context for artifact: [../../agent]
[ERROR] [react-redux-realworld-example-app] Failed to acquire local content stream for asset reference [../../agent]: File not found in zip.
[INFO] [react-redux-realworld-example-app] Extracting cached content payload context for artifact: [src/components/Home/Banner.js]
[INFO] [react-redux-realworld-example-app] Successfully tracked code profile mapping dictionary entry for artifact path: [src/components/Home/Banner.js]
[INFO] [react-redux-realworld-example-app] Extracting cached content payload context for artifact: [./CommentContainer]
[ERROR] [react-redux-realworld-example-app] Failed to acquire local content stream for asset reference [./CommentContainer]: File not found in zip.
[INFO] [react-redux-realworld-example-app] Extracting cached content payload context for artifact: [src/agent.js]
[INFO] [react-redux-realworld-example-app] Successfully tracked code profile mapping dictionary entry for artifact path: [src/agent.js]
[INFO] [react-redux-realworld-example-app] Extracting cached content payload context for artifact: [./ArticleMeta]
[ERROR] [react-redux-realworld-example-app] Failed to acquire local content stream for asset reference [./ArticleMeta]: File not found in zip.
[INFO] [react-redux-realworld-example-app] Extracting cached content payload context for artifact: [../../constants/actionTypes]
[ERROR] [react-redux-realworld-example-app] Failed to acquire local content stream for asset reference [../../constants/actionTypes]: File not found in zip.
[INFO] [react-redux-realworld-example-app] Extracting cached content payload context for artifact: [src/components/Article/Comment.js]
[INFO] [react-redux-realworld-example-app] Successfully tracked code profile mapping dictionary entry for artifact path: [src/components/Article/Comment.js]
[INFO] [react-redux-realworld-example-app] Extracting cached content payload context for artifact: [./ListPagination]
[ERROR] [react-redux-realworld-example-app] Failed to acquire local content stream for asset reference [./ListPagination]: File not found in zip.
[INFO] [react-redux-realworld-example-app] Extracting cached content payload context for artifact: [./ArticlePreview]
[ERROR] [react-redux-realworld-example-app] Failed to acquire local content stream for asset reference [./ArticlePreview]: File not found in zip.
[INFO] [react-redux-realworld-example-app] Extracting cached content payload context for artifact: [../constants/actionTypes]
[ERROR] [react-redux-realworld-example-app] Failed to acquire local content stream for asset reference [../constants/actionTypes]: File not found in zip.
[INFO] [react-redux-realworld-example-app] Extracting cached content payload context for artifact: [../ArticleList]
[ERROR] [react-redux-realworld-example-app] Failed to acquire local content stream for asset reference [../ArticleList]: File not found in zip.
[INFO] [react-redux-realworld-example-app] Extracting cached content payload context for artifact: [./agent]
[ERROR] [react-redux-realworld-example-app] Failed to acquire local content stream for asset reference [./agent]: File not found in zip.
[INFO] [react-redux-realworld-example-app] Extracting cached content payload context for artifact: [src/components/Login.js]
[INFO] [react-redux-realworld-example-app] Successfully tracked code profile mapping dictionary entry for artifact path: [src/components/Login.js]
[INFO] [react-redux-realworld-example-app] Extracting cached content payload context for artifact: [src/store.js]
[INFO] [react-redux-realworld-example-app] Successfully tracked code profile mapping dictionary entry for artifact path: [src/store.js]
[INFO] [react-redux-realworld-example-app] Extracting cached content payload context for artifact: [src/components/Register.js]
[INFO] [react-redux-realworld-example-app] Successfully tracked code profile mapping dictionary entry for artifact path: [src/components/Register.js]
[INFO] [react-redux-realworld-example-app] Extracting cached content payload context for artifact: [./constants/actionTypes]
[ERROR] [react-redux-realworld-example-app] Failed to acquire local content stream for asset reference [./constants/actionTypes]: File not found in zip.
[INFO] [react-redux-realworld-example-app] Extracting cached content payload context for artifact: [../agent]
[ERROR] [react-redux-realworld-example-app] Failed to acquire local content stream for asset reference [../agent]: File not found in zip.
[INFO] [react-redux-realworld-example-app] Extracting cached content payload context for artifact: [./ArticleActions]
[ERROR] [react-redux-realworld-example-app] Failed to acquire local content stream for asset reference [./ArticleActions]: File not found in zip.
[INFO] [react-redux-realworld-example-app] Extracting cached content payload context for artifact: [src/components/Settings.js]
[INFO] [react-redux-realworld-example-app] Successfully tracked code profile mapping dictionary entry for artifact path: [src/components/Settings.js]
[INFO] [react-redux-realworld-example-app] Extracting cached content payload context for artifact: [src/reducers/profile.js]
[INFO] [react-redux-realworld-example-app] Successfully tracked code profile mapping dictionary entry for artifact path: [src/reducers/profile.js]
[INFO] [react-redux-realworld-example-app] Extracting cached content payload context for artifact: [./ListErrors]
[ERROR] [react-redux-realworld-example-app] Failed to acquire local content stream for asset reference [./ListErrors]: File not found in zip.
[INFO] [react-redux-realworld-example-app] Extracting cached content payload context for artifact: [./ArticleList]
[ERROR] [react-redux-realworld-example-app] Failed to acquire local content stream for asset reference [./ArticleList]: File not found in zip.
[INFO] [react-redux-realworld-example-app] Extracting cached content payload context for artifact: [./reducers/article]
[ERROR] [react-redux-realworld-example-app] Failed to acquire local content stream for asset reference [./reducers/article]: File not found in zip.
[INFO] [react-redux-realworld-example-app] Extracting cached content payload context for artifact: [./reducers/home]
[ERROR] [react-redux-realworld-example-app] Failed to acquire local content stream for asset reference [./reducers/home]: File not found in zip.
[INFO] [react-redux-realworld-example-app] Extracting cached content payload context for artifact: [./reducers/editor]
[ERROR] [react-redux-realworld-example-app] Failed to acquire local content stream for asset reference [./reducers/editor]: File not found in zip.
[INFO] [react-redux-realworld-example-app] Extracting cached content payload context for artifact: [./reducers/auth]
[ERROR] [react-redux-realworld-example-app] Failed to acquire local content stream for asset reference [./reducers/auth]: File not found in zip.
[INFO] [react-redux-realworld-example-app] Extracting cached content payload context for artifact: [./reducers/articleList]
[ERROR] [react-redux-realworld-example-app] Failed to acquire local content stream for asset reference [./reducers/articleList]: File not found in zip.
[INFO] [react-redux-realworld-example-app] Extracting cached content payload context for artifact: [./reducers/common]
[ERROR] [react-redux-realworld-example-app] Failed to acquire local content stream for asset reference [./reducers/common]: File not found in zip.
[INFO] [react-redux-realworld-example-app] Extracting cached content payload context for artifact: [./reducers/settings]
[ERROR] [react-redux-realworld-example-app] Failed to acquire local content stream for asset reference [./reducers/settings]: File not found in zip.
[INFO] [react-redux-realworld-example-app] Extracting cached content payload context for artifact: [./reducers/profile]
[ERROR] [react-redux-realworld-example-app] Failed to acquire local content stream for asset reference [./reducers/profile]: File not found in zip.
[INFO] [react-redux-realworld-example-app] Extracting cached content payload context for artifact: [src/components/Article/CommentInput.js]
[INFO] [react-redux-realworld-example-app] Successfully tracked code profile mapping dictionary entry for artifact path: [src/components/Article/CommentInput.js]
[INFO] [react-redux-realworld-example-app] Extracting cached content payload context for artifact: [./CommentList]
[ERROR] [react-redux-realworld-example-app] Failed to acquire local content stream for asset reference [./CommentList]: File not found in zip.
[INFO] [react-redux-realworld-example-app] Extracting cached content payload context for artifact: [src/components/Article/CommentList.js]
[INFO] [react-redux-realworld-example-app] Successfully tracked code profile mapping dictionary entry for artifact path: [src/components/Article/CommentList.js]
[INFO] [react-redux-realworld-example-app] Extracting cached content payload context for artifact: [./CommentInput]
[ERROR] [react-redux-realworld-example-app] Failed to acquire local content stream for asset reference [./CommentInput]: File not found in zip.
[INFO] Successfully populated 31 objects into tracking matrix structure for repository 'react-redux-realworld-example-app'.
[INFO] Pacing boundaries active. Pausing operations for 20s to safeguard API Gateway pool context limits...
[INFO] --- [PHASE 2] Processing Repository: node-express-realworld-example-app (Branch: master) ---
[INFO] Phase 2 - Step 1 [node-express-realworld-example-app]: Sending request to AAVA Search Endpoint (Attempt 1/3)...
[INFO] [node-express-realworld-example-app] Successfully retrieved structural payload with 37 records from search.
[INFO] Phase 2 - Step 2 [node-express-realworld-example-app]: Evaluating structural records against similarity boundaries (>= 0.01)...
[INFO] [node-express-realworld-example-app] Accepted path [Similarity: 10.0297]: src/tests/services/article.service.test.ts
[INFO] [node-express-realworld-example-app] Accepted path [Similarity: 10.0220]: src/app/routes/article/article.controller.ts
[INFO] [node-express-realworld-example-app] Accepted path [Similarity: 10.0106]: src/prisma/seed.ts
[INFO] [node-express-realworld-example-app] Accepted path [Similarity: 9.9871]: src/prisma/migrations/20210924225358_initial/migration.sql
[INFO] [node-express-realworld-example-app] Accepted path [Similarity: 0.0299]: src/app/routes/article/article.service.ts
[INFO] [node-express-realworld-example-app] Accepted path [Similarity: 0.0269]: src/main.ts
[INFO] [node-express-realworld-example-app] Accepted path [Similarity: 0.0261]: src/tests/services/auth.service.test.ts
[INFO] [node-express-realworld-example-app] Accepted path [Similarity: 0.0258]: src/app/routes/article/article.model.ts
[INFO] [node-express-realworld-example-app] Accepted path [Similarity: 0.0251]: src/prisma/migrations/20211001143221_implicit_tags/migration.sql
[INFO] [node-express-realworld-example-app] Accepted path [Similarity: 0.0248]: src/app/routes/article/article.mapper.ts
[INFO] [node-express-realworld-example-app] Accepted path [Similarity: 0.0247]: src/prisma/migrations/20211221184529_deprecated_preview/migration.sql
[INFO] [node-express-realworld-example-app] Accepted path [Similarity: 0.0226]: src/app/routes/auth/auth.service.ts
[INFO] [node-express-realworld-example-app] Accepted path [Similarity: 0.0225]: src/tests/services/profile.service.test.ts
[INFO] [node-express-realworld-example-app] Accepted path [Similarity: 0.0223]: Dockerfile
[INFO] [node-express-realworld-example-app] Extracted 14 completely unique candidate filepath locations.
[INFO] Phase 2 - Step 3 [node-express-realworld-example-app]: Filtering paths matching targeting extension whitelist...
[INFO] [node-express-realworld-example-app] Retained path allocation target matching runtime criteria: [src/tests/services/article.service.test.ts]
[INFO] [node-express-realworld-example-app] Retained path allocation target matching runtime criteria: [src/app/routes/article/article.controller.ts]
[INFO] [node-express-realworld-example-app] Retained path allocation target matching runtime criteria: [src/prisma/seed.ts]
[INFO] [node-express-realworld-example-app] Retained path allocation target matching runtime criteria: [src/prisma/migrations/20210924225358_initial/migration.sql]
[INFO] [node-express-realworld-example-app] Retained path allocation target matching runtime criteria: [src/app/routes/article/article.service.ts]
[INFO] [node-express-realworld-example-app] Retained path allocation target matching runtime criteria: [src/main.ts]
[INFO] [node-express-realworld-example-app] Retained path allocation target matching runtime criteria: [src/tests/services/auth.service.test.ts]
[INFO] [node-express-realworld-example-app] Retained path allocation target matching runtime criteria: [src/app/routes/article/article.model.ts]
[INFO] [node-express-realworld-example-app] Retained path allocation target matching runtime criteria: [src/prisma/migrations/20211001143221_implicit_tags/migration.sql]
[INFO] [node-express-realworld-example-app] Retained path allocation target matching runtime criteria: [src/app/routes/article/article.mapper.ts]
[INFO] [node-express-realworld-example-app] Retained path allocation target matching runtime criteria: [src/prisma/migrations/20211221184529_deprecated_preview/migration.sql]
[INFO] [node-express-realworld-example-app] Retained path allocation target matching runtime criteria: [src/app/routes/auth/auth.service.ts]
[INFO] [node-express-realworld-example-app] Retained path allocation target matching runtime criteria: [src/tests/services/profile.service.test.ts]
[INFO] Phase 2 - Step 3 Completed [node-express-realworld-example-app]: Consolidated 13 paths for source code payload downstream consumption.
[INFO] --- Phase 2 - Step 4 [Expansion]: Looking up dependencies for 'node-express-realworld-example-app' ---
[INFO] [node-express-realworld-example-app] Expanding [src/tests/services/article.service.test.ts] with 11 intra-repo dependencies.
[INFO] [node-express-realworld-example-app] Expanding [src/app/routes/article/article.controller.ts] with 8 intra-repo dependencies.
[INFO] [node-express-realworld-example-app] Expanding [src/prisma/seed.ts] with 13 intra-repo dependencies.
[INFO] [node-express-realworld-example-app] Expanding [src/prisma/migrations/20210924225358_initial/migration.sql] with 7 intra-repo dependencies.
[INFO] [node-express-realworld-example-app] Expanding [src/app/routes/article/article.service.ts] with 19 intra-repo dependencies.
[INFO] [node-express-realworld-example-app] Expanding [src/main.ts] with 6 intra-repo dependencies.
[INFO] [node-express-realworld-example-app] Expanding [src/tests/services/auth.service.test.ts] with 5 intra-repo dependencies.
[INFO] [node-express-realworld-example-app] Expanding [src/app/routes/article/article.model.ts] with 6 intra-repo dependencies.
[INFO] [node-express-realworld-example-app] Expanding [src/prisma/migrations/20211001143221_implicit_tags/migration.sql] with 5 intra-repo dependencies.
[INFO] [node-express-realworld-example-app] Expanding [src/app/routes/article/article.mapper.ts] with 6 intra-repo dependencies.
[INFO] [node-express-realworld-example-app] Expanding [src/prisma/migrations/20211221184529_deprecated_preview/migration.sql] with 5 intra-repo dependencies.
[INFO] [node-express-realworld-example-app] Expanding [src/app/routes/auth/auth.service.ts] with 11 intra-repo dependencies.
[INFO] [node-express-realworld-example-app] Expanding [src/tests/services/profile.service.test.ts] with 10 intra-repo dependencies.
[INFO] [node-express-realworld-example-app] Final expanded file count to fetch: 52 (Original Search matches: 13)
[INFO] Phase 2 - Step 5 [node-express-realworld-example-app]: Beginning local extraction of source file content payloads from memory zip cache...
[INFO] [node-express-realworld-example-app] Extracting cached content payload context for artifact: [src/tests/services/article.service.test.ts]
[INFO] [node-express-realworld-example-app] Successfully tracked code profile mapping dictionary entry for artifact path: [src/tests/services/article.service.test.ts]
[INFO] [node-express-realworld-example-app] Extracting cached content payload context for artifact: [src/app/routes/article/article.controller.ts]
[INFO] [node-express-realworld-example-app] Successfully tracked code profile mapping dictionary entry for artifact path: [src/app/routes/article/article.controller.ts]
[INFO] [node-express-realworld-example-app] Extracting cached content payload context for artifact: [src/prisma/seed.ts]
[INFO] [node-express-realworld-example-app] Successfully tracked code profile mapping dictionary entry for artifact path: [src/prisma/seed.ts]
[INFO] [node-express-realworld-example-app] Extracting cached content payload context for artifact: [src/prisma/migrations/20210924225358_initial/migration.sql]
[INFO] [node-express-realworld-example-app] Successfully tracked code profile mapping dictionary entry for artifact path: [src/prisma/migrations/20210924225358_initial/migration.sql]
[INFO] [node-express-realworld-example-app] Extracting cached content payload context for artifact: [src/app/routes/article/article.service.ts]
[INFO] [node-express-realworld-example-app] Successfully tracked code profile mapping dictionary entry for artifact path: [src/app/routes/article/article.service.ts]
[INFO] [node-express-realworld-example-app] Extracting cached content payload context for artifact: [src/main.ts]
[INFO] [node-express-realworld-example-app] Successfully tracked code profile mapping dictionary entry for artifact path: [src/main.ts]
[INFO] [node-express-realworld-example-app] Extracting cached content payload context for artifact: [src/tests/services/auth.service.test.ts]
[INFO] [node-express-realworld-example-app] Successfully tracked code profile mapping dictionary entry for artifact path: [src/tests/services/auth.service.test.ts]
[INFO] [node-express-realworld-example-app] Extracting cached content payload context for artifact: [src/app/routes/article/article.model.ts]
[INFO] [node-express-realworld-example-app] Successfully tracked code profile mapping dictionary entry for artifact path: [src/app/routes/article/article.model.ts]
[INFO] [node-express-realworld-example-app] Extracting cached content payload context for artifact: [src/prisma/migrations/20211001143221_implicit_tags/migration.sql]
[INFO] [node-express-realworld-example-app] Successfully tracked code profile mapping dictionary entry for artifact path: [src/prisma/migrations/20211001143221_implicit_tags/migration.sql]
[INFO] [node-express-realworld-example-app] Extracting cached content payload context for artifact: [src/app/routes/article/article.mapper.ts]
[INFO] [node-express-realworld-example-app] Successfully tracked code profile mapping dictionary entry for artifact path: [src/app/routes/article/article.mapper.ts]
[INFO] [node-express-realworld-example-app] Extracting cached content payload context for artifact: [src/prisma/migrations/20211221184529_deprecated_preview/migration.sql]
[INFO] [node-express-realworld-example-app] Successfully tracked code profile mapping dictionary entry for artifact path: [src/prisma/migrations/20211221184529_deprecated_preview/migration.sql]
[INFO] [node-express-realworld-example-app] Extracting cached content payload context for artifact: [src/app/routes/auth/auth.service.ts]
[INFO] [node-express-realworld-example-app] Successfully tracked code profile mapping dictionary entry for artifact path: [src/app/routes/auth/auth.service.ts]
[INFO] [node-express-realworld-example-app] Extracting cached content payload context for artifact: [src/tests/services/profile.service.test.ts]
[INFO] [node-express-realworld-example-app] Successfully tracked code profile mapping dictionary entry for artifact path: [src/tests/services/profile.service.test.ts]
[INFO] [node-express-realworld-example-app] Extracting cached content payload context for artifact: [src/app/routes/article/author.mapper.ts]
[INFO] [node-express-realworld-example-app] Successfully tracked code profile mapping dictionary entry for artifact path: [src/app/routes/article/author.mapper.ts]
[INFO] [node-express-realworld-example-app] Extracting cached content payload context for artifact: [src/tests/prisma-mock.ts]
[INFO] [node-express-realworld-example-app] Successfully tracked code profile mapping dictionary entry for artifact path: [src/tests/prisma-mock.ts]
[INFO] [node-express-realworld-example-app] Extracting cached content payload context for artifact: [src/app/routes/auth/token.utils.ts]
[INFO] [node-express-realworld-example-app] Successfully tracked code profile mapping dictionary entry for artifact path: [src/app/routes/auth/token.utils.ts]
[INFO] [node-express-realworld-example-app] Extracting cached content payload context for artifact: [src/app/routes/routes.ts]
[INFO] [node-express-realworld-example-app] Successfully tracked code profile mapping dictionary entry for artifact path: [src/app/routes/routes.ts]
[INFO] [node-express-realworld-example-app] Extracting cached content payload context for artifact: [src/app/routes/article/comment.model.ts]
[INFO] [node-express-realworld-example-app] Successfully tracked code profile mapping dictionary entry for artifact path: [src/app/routes/article/comment.model.ts]
[INFO] [node-express-realworld-example-app] Extracting cached content payload context for artifact: [../prisma-mock]
[ERROR] [node-express-realworld-example-app] Failed to acquire local content stream for asset reference [../prisma-mock]: File not found in zip.
[INFO] [node-express-realworld-example-app] Extracting cached content payload context for artifact: [../../app/routes/article/article.service]
[ERROR] [node-express-realworld-example-app] Failed to acquire local content stream for asset reference [../../app/routes/article/article.service]: File not found in zip.
[INFO] [node-express-realworld-example-app] Extracting cached content payload context for artifact: [./article.service]
[ERROR] [node-express-realworld-example-app] Failed to acquire local content stream for asset reference [./article.service]: File not found in zip.
[INFO] [node-express-realworld-example-app] Extracting cached content payload context for artifact: [../auth/auth]
[ERROR] [node-express-realworld-example-app] Failed to acquire local content stream for asset reference [../auth/auth]: File not found in zip.
[INFO] [node-express-realworld-example-app] Extracting cached content payload context for artifact: [@prisma/client]
[ERROR] [node-express-realworld-example-app] Failed to acquire local content stream for asset reference [@prisma/client]: File not found in zip.
[INFO] [node-express-realworld-example-app] Extracting cached content payload context for artifact: [../app/routes/article/article.service]
[ERROR] [node-express-realworld-example-app] Failed to acquire local content stream for asset reference [../app/routes/article/article.service]: File not found in zip.
[INFO] [node-express-realworld-example-app] Extracting cached content payload context for artifact: [src/app/routes/auth/registered-user.model.ts]
[INFO] [node-express-realworld-example-app] Successfully tracked code profile mapping dictionary entry for artifact path: [src/app/routes/auth/registered-user.model.ts]
[INFO] [node-express-realworld-example-app] Extracting cached content payload context for artifact: [@ngneat/falso]
[ERROR] [node-express-realworld-example-app] Failed to acquire local content stream for asset reference [@ngneat/falso]: File not found in zip.
[INFO] [node-express-realworld-example-app] Extracting cached content payload context for artifact: [../app/routes/auth/auth.service]
[ERROR] [node-express-realworld-example-app] Failed to acquire local content stream for asset reference [../app/routes/auth/auth.service]: File not found in zip.
[INFO] [node-express-realworld-example-app] Extracting cached content payload context for artifact: [../app/routes/auth/registered-user.model]
[ERROR] [node-express-realworld-example-app] Failed to acquire local content stream for asset reference [../app/routes/auth/registered-user.model]: File not found in zip.
[INFO] [node-express-realworld-example-app] Extracting cached content payload context for artifact: [src/prisma/prisma-client.ts]
[INFO] [node-express-realworld-example-app] Successfully tracked code profile mapping dictionary entry for artifact path: [src/prisma/prisma-client.ts]
[INFO] [node-express-realworld-example-app] Extracting cached content payload context for artifact: [../profile/profile.utils]
[ERROR] [node-express-realworld-example-app] Failed to acquire local content stream for asset reference [../profile/profile.utils]: File not found in zip.
[INFO] [node-express-realworld-example-app] Extracting cached content payload context for artifact: [./article.mapper]
[ERROR] [node-express-realworld-example-app] Failed to acquire local content stream for asset reference [./article.mapper]: File not found in zip.
[INFO] [node-express-realworld-example-app] Extracting cached content payload context for artifact: [../tag/tag.model]
[ERROR] [node-express-realworld-example-app] Failed to acquire local content stream for asset reference [../tag/tag.model]: File not found in zip.
[INFO] [node-express-realworld-example-app] Extracting cached content payload context for artifact: [src/app/routes/profile/profile.utils.ts]
[INFO] [node-express-realworld-example-app] Successfully tracked code profile mapping dictionary entry for artifact path: [src/app/routes/profile/profile.utils.ts]
[INFO] [node-express-realworld-example-app] Extracting cached content payload context for artifact: [src/app/routes/profile/profile.service.ts]
[INFO] [node-express-realworld-example-app] Successfully tracked code profile mapping dictionary entry for artifact path: [src/app/routes/profile/profile.service.ts]
[INFO] [node-express-realworld-example-app] Extracting cached content payload context for artifact: [../../../prisma/prisma-client]
[ERROR] [node-express-realworld-example-app] Failed to acquire local content stream for asset reference [../../../prisma/prisma-client]: File not found in zip.
[INFO] [node-express-realworld-example-app] Extracting cached content payload context for artifact: [src/app/routes/profile/profile.controller.ts]
[INFO] [node-express-realworld-example-app] Successfully tracked code profile mapping dictionary entry for artifact path: [src/app/routes/profile/profile.controller.ts]
[INFO] [node-express-realworld-example-app] Extracting cached content payload context for artifact: [../../models/http-exception.model]
[ERROR] [node-express-realworld-example-app] Failed to acquire local content stream for asset reference [../../models/http-exception.model]: File not found in zip.
[INFO] [node-express-realworld-example-app] Extracting cached content payload context for artifact: [src/app/models/http-exception.model.ts]
[INFO] [node-express-realworld-example-app] Successfully tracked code profile mapping dictionary entry for artifact path: [src/app/models/http-exception.model.ts]
[INFO] [node-express-realworld-example-app] Extracting cached content payload context for artifact: [src/app/routes/profile/profile.model.ts]
[INFO] [node-express-realworld-example-app] Successfully tracked code profile mapping dictionary entry for artifact path: [src/app/routes/profile/profile.model.ts]
[INFO] [node-express-realworld-example-app] Extracting cached content payload context for artifact: [src/tests/utils/profile.utils.test.ts]
[INFO] [node-express-realworld-example-app] Successfully tracked code profile mapping dictionary entry for artifact path: [src/tests/utils/profile.utils.test.ts]
[INFO] [node-express-realworld-example-app] Extracting cached content payload context for artifact: [e2e/src/server/server.spec.ts]
[INFO] [node-express-realworld-example-app] Successfully tracked code profile mapping dictionary entry for artifact path: [e2e/src/server/server.spec.ts]
[INFO] [node-express-realworld-example-app] Extracting cached content payload context for artifact: [./app/routes/routes]
[ERROR] [node-express-realworld-example-app] Failed to acquire local content stream for asset reference [./app/routes/routes]: File not found in zip.
[INFO] [node-express-realworld-example-app] Extracting cached content payload context for artifact: [./app/models/http-exception.model]
[ERROR] [node-express-realworld-example-app] Failed to acquire local content stream for asset reference [./app/models/http-exception.model]: File not found in zip.
[INFO] [node-express-realworld-example-app] Extracting cached content payload context for artifact: [../../app/routes/auth/auth.service]
[ERROR] [node-express-realworld-example-app] Failed to acquire local content stream for asset reference [../../app/routes/auth/auth.service]: File not found in zip.
[INFO] [node-express-realworld-example-app] Extracting cached content payload context for artifact: [./comment.model]
[ERROR] [node-express-realworld-example-app] Failed to acquire local content stream for asset reference [./comment.model]: File not found in zip.
[INFO] [node-express-realworld-example-app] Extracting cached content payload context for artifact: [./author.mapper]
[ERROR] [node-express-realworld-example-app] Failed to acquire local content stream for asset reference [./author.mapper]: File not found in zip.
[INFO] [node-express-realworld-example-app] Extracting cached content payload context for artifact: [./token.utils]
[ERROR] [node-express-realworld-example-app] Failed to acquire local content stream for asset reference [./token.utils]: File not found in zip.
[INFO] [node-express-realworld-example-app] Extracting cached content payload context for artifact: [./user.model]
[ERROR] [node-express-realworld-example-app] Failed to acquire local content stream for asset reference [./user.model]: File not found in zip.
[INFO] [node-express-realworld-example-app] Extracting cached content payload context for artifact: [src/app/routes/auth/register-input.model.ts]
[INFO] [node-express-realworld-example-app] Successfully tracked code profile mapping dictionary entry for artifact path: [src/app/routes/auth/register-input.model.ts]
[INFO] [node-express-realworld-example-app] Extracting cached content payload context for artifact: [./registered-user.model]
[ERROR] [node-express-realworld-example-app] Failed to acquire local content stream for asset reference [./registered-user.model]: File not found in zip.
[INFO] [node-express-realworld-example-app] Extracting cached content payload context for artifact: [./register-input.model]
[ERROR] [node-express-realworld-example-app] Failed to acquire local content stream for asset reference [./register-input.model]: File not found in zip.
[INFO] [node-express-realworld-example-app] Extracting cached content payload context for artifact: [../../app/routes/profile/profile.service]
[ERROR] [node-express-realworld-example-app] Failed to acquire local content stream for asset reference [../../app/routes/profile/profile.service]: File not found in zip.
[INFO] Successfully populated 28 objects into tracking matrix structure for repository 'node-express-realworld-example-app'.
[INFO] 
================ PHASE 3: HIGH LEVEL RCA AGENT (PHASE-3) FILTERING ================
[INFO] --- Starting Chunking Process for Phase-3 Agent ---
[INFO] Chunking complete. Created 1 independent code payload chunks.
[INFO] [Phase-3 Thread 1] Zipping payload and triggering Workflow 18914 (Max 4 Iterations)...
[INFO] [Phase-3 Thread 1] --- Starting Iteration 1 ---
[INFO] [Phase-3 Thread 1] Triggered successfully! Execution ID: 6de93562-13ed-44a0-8b7d-b8f09cdba0b5. Starting poll...
[INFO] [Phase-3 Thread 1] Workflow SUCCESS! Parsing JSON output...
[INFO] [Phase-3 Thread 1] Iteration 1 parsed. Review Score: 72. Impacted files Count: 5
[INFO] [Phase-3 Thread 1] --- Starting Iteration 2 ---
[INFO] [Phase-3 Thread 1] Triggered successfully! Execution ID: 65587e95-fe24-4da0-a7b2-fef4c0a409c2. Starting poll...
[INFO] [Phase-3 Thread 1] Workflow SUCCESS! Parsing JSON output...
[INFO] [Phase-3 Thread 1] Iteration 2 parsed. Review Score: 100. Impacted files Count: 9
[INFO] [Phase-3 Thread 1] More than 90% compliance reached on iteration 2. Exiting loop.
[INFO] [Phase-3] Thread 1 completed. Extracted 9 surviving paths with scores.
[INFO] Phase-3 Complete! Total completely unique surviving paths across all chunks: 9
[INFO] ================ APPLYING BM25 RANKING (Top 50, Trim: False) ================
[INFO] BM25 query: Creating an article with an excessively long title causes the backend to crash and return a 500 error instead of a graceful validation message

Creating an article with a very long title causes a 500 Internal Server Error backend crash. The frontend form lacks character limit validation on the title input, and the backend API fails to catch the database length validation error gracefully to return a 422
[INFO] [react-redux-realworld-example-app] Preparing 4 files for BM25 scoring.
[INFO] [node-express-realworld-example-app] Preparing 4 files for BM25 scoring.
[INFO] BM25 corpus size: 8
[INFO] BM25 query tokens: ['creating', 'an', 'article', 'with', 'an', 'excessively', 'long', 'title', 'causes', 'the', 'backend', 'to', 'crash', 'and', 'return', 'a', '500', 'error', 'instead', 'of', 'a', 'graceful', 'validation', 'message', 'creating', 'an', 'article', 'with', 'a', 'very', 'long', 'title', 'causes', 'a', '500', 'internal', 'server', 'error', 'backend', 'crash', 'the', 'frontend', 'form', 'lacks', 'character', 'limit', 'validation', 'on', 'the', 'title', 'input', 'and', 'the', 'backend', 'api', 'fails', 'to', 'catch', 'the', 'database', 'length', 'validation', 'error', 'gracefully', 'to', 'return', 'a', '422']
[INFO] BM25 average document length: 401.62
[INFO] [BM25] Score: 46.7340 | Repo: node-express-realworld-example-app | File: src/app/routes/article/article.controller.ts
[INFO] [BM25] Relevance Score: 93.0 | Repo: node-express-realworld-example-app | File: src/app/routes/article/article.controller.ts
[INFO] [BM25] Score: 23.9234 | Repo: node-express-realworld-example-app | File: src/prisma/migrations/20210924225358_initial/migration.sql
[INFO] [BM25] Relevance Score: 88.0 | Repo: node-express-realworld-example-app | File: src/prisma/migrations/20210924225358_initial/migration.sql
[INFO] [BM25] Score: 21.4907 | Repo: node-express-realworld-example-app | File: src/app/routes/article/article.service.ts
[INFO] [BM25] Relevance Score: 99.0 | Repo: node-express-realworld-example-app | File: src/app/routes/article/article.service.ts
[INFO] [BM25] Score: 19.1312 | Repo: node-express-realworld-example-app | File: src/main.ts
[INFO] [BM25] Relevance Score: 96.0 | Repo: node-express-realworld-example-app | File: src/main.ts
[INFO] [BM25] Score: 12.7356 | Repo: react-redux-realworld-example-app | File: src/components/Editor.js
[INFO] [BM25] Relevance Score: 88.0 | Repo: react-redux-realworld-example-app | File: src/components/Editor.js
[INFO] [BM25] Score: 9.4240 | Repo: react-redux-realworld-example-app | File: src/reducers/editor.js
[INFO] [BM25] Relevance Score: 78.0 | Repo: react-redux-realworld-example-app | File: src/reducers/editor.js
[INFO] [BM25] Score: 5.5652 | Repo: react-redux-realworld-example-app | File: src/components/ListErrors.js
[INFO] [BM25] Relevance Score: 72.0 | Repo: react-redux-realworld-example-app | File: src/components/ListErrors.js
[INFO] [BM25] Score: 4.4731 | Repo: react-redux-realworld-example-app | File: src/agent.js
[INFO] [BM25] Relevance Score: 82.0 | Repo: react-redux-realworld-example-app | File: src/agent.js
[INFO] BM25 Ranking complete. Retained top 8 files out of 8.
[INFO] SUCCESS: Exported filtered impact components configuration (with BM25) to: C:\Users\sushree.pradhan\OneDrive - ascendion\AAVA\code gen\rca\v22\filtered_multi_repo_code_impact_code_bm25.json
[INFO] 
--- Phase 4: Triggering Deep Level RCA at 50000 tokens (Horizontal Iter: 0) ---
[INFO] ================ Phase 4, Step 1: Re Organization (Target: 50000 tokens) ================
[INFO] Phase 4 Complete. Selected 8 files out of 8 total available across 2 repositories.
[INFO] ================ Phase 4, Step 2: DEEP LEVEL WF CALL (Workflow: 18926) ================
[INFO] [Phase-4] Triggered successfully! Execution ID: ee35d984-5f09-4eb5-8aef-c4e1ec274225. Starting poll...
[INFO] [Phase-4] Workflow SUCCESS! Parsing JSON output...
[INFO] SUCCESS: Review Score (95 > 90). Exiting loop.
[INFO] Rubric Scorecard: DEEP LEVEL CODE REVIEW RUBRIC SCORECARD:

=== FUNCTIONAL COMPLETENESS (FC) ===
FC-01 [Requirement Fulfillment]: PASS (0 points deducted)
- The code addresses the root cause: excessively long article titles causing 500 errors
- Backend validation added with MAX_ARTICLE_TITLE_LENGTH constant (255 chars)
- Frontend validation added with maxLength attribute and character counter
- Graceful 422 error returned instead of 500 crash
- Solution covers both create and update article operations

FC-02 [Syntax Correctness]: PASS (0 points deducted)
- TypeScript syntax is valid in article.service.ts
- JavaScript/React syntax is valid in Editor.js
- Proper function declarations and error handling
- No syntax errors detected

=== OPERATION CORRECTNESS (OP) ===
OP-01 [MODIFY Context]: PASS (0 points deducted)
- The existing_code in both MODIFY operations matches the original source files exactly
- All imports, function signatures, and structure preserved
- Complete file content provided in new_code

OP-02 [DEL Safety]: N/A (0 points deducted)
- No DELETE operations in this code change

OP-03 [ADD Isolation]: N/A (0 points deducted)
- No ADD operations (new files) in this code change

=== CODE QUALITY & STANDARDS (CQ) ===
CQ-01 [Error Handling]: PASS (0 points deducted)
- Backend validation throws HttpException with proper 422 status code
- Error messages follow existing pattern in codebase
- Validation wrapped in try-catch at controller level (already present)
- Database operations already have error handling

CQ-02 [Logging Standards]: PASS (0 points deducted)
- No complex new logic requiring additional logging
- Validation is straightforward and follows existing patterns
- Error responses provide sufficient debugging information

CQ-03 [Naming Conventions]: PASS (0 points deducted)
- MAX_ARTICLE_TITLE_LENGTH follows SCREAMING_SNAKE_CASE for constants
- validateArticleTitle follows camelCase convention
- Variable names (titleLength, isTitleTooLong) are descriptive and consistent
- Follows existing codebase conventions

=== SECURITY & SAFETY (SE) ===
SE-01 [No Hardcoded Secrets]: PASS (0 points deducted)
- No hardcoded passwords, API keys, or secrets introduced
- Only a validation constant (255) added

SE-02 [Input Validation]: PASS (0 points deducted)
- Comprehensive input validation added for title field
- Type checking (typeof title !== 'string')
- Length validation (title.length > MAX_ARTICLE_TITLE_LENGTH)
- Null/undefined checking (if (!title))
- Frontend also enforces maxLength attribute

=== TOTAL SCORE ===
Base Score: 100
Total Deductions: 0
Final Rubric Score: 100/100
[INFO] Review Feedback: The code changes successfully address the root cause of the 500 error when creating articles with excessively long titles. However, there is a minor coverage gap that prevents a perfect score:

1. MISSING DATABASE SCHEMA VALIDATION: While the application-level validation is comprehensive, the database schema itself (in the Prisma migration file) does not enforce a VARCHAR length constraint on the 'title' column. The migration shows 'title TEXT NOT NULL' which allows unlimited length. If the validation is bypassed or fails, the database could still accept extremely long titles. Consider adding a database-level constraint in a new migration file to enforce the 255-character limit at the schema level for defense-in-depth.

2. MINOR: The frontend validation uses maxLength attribute which prevents typing beyond 255 characters, but the isTitleTooLong check may never trigger in normal user flow since maxLength blocks input. This is acceptable but could be simplified.

The solution is architecturally sound with proper separation of concerns (backend validation in service layer, frontend UX in component), follows existing patterns, maintains all original functionality, and provides graceful error handling. The 95/100 score reflects the missing database-level constraint which would provide complete defense-in-depth validation.
[INFO] Final Deep Level RCA Report exported to: C:\Users\sushree.pradhan\OneDrive - ascendion\AAVA\code gen\rca\v22\final_deep_rca_report.json
[INFO] ================ PHASE 5: AUTO-PATCHING & ARTIFACT UPLOAD ================
[INFO] --- Phase 5 - Step 1: Automated GitHub Patching ---
[INFO] --- [Phase 5] Processing Repository: react-redux-realworld-example-app ---
[INFO] Created blob for file: src/components/Editor.js
